Archive member included because of file (symbol)

c:/freescale/kds_3.0.0/toolchain/bin/../lib/gcc/arm-none-eabi/4.8.4/armv7e-m\libgcc.a(_arm_addsubsf3.o)
                              ./Generated_Code/PwmLdd1.o (__aeabi_i2f)
c:/freescale/kds_3.0.0/toolchain/bin/../lib/gcc/arm-none-eabi/4.8.4/armv7e-m\libgcc.a(_arm_muldivsf3.o)
                              ./Generated_Code/PwmLdd1.o (__aeabi_fmul)
c:/freescale/kds_3.0.0/toolchain/bin/../lib/gcc/arm-none-eabi/4.8.4/armv7e-m\libgcc.a(_arm_cmpsf2.o)
                              ./Generated_Code/PwmLdd1.o (__aeabi_fcmpgt)
c:/freescale/kds_3.0.0/toolchain/bin/../lib/gcc/arm-none-eabi/4.8.4/armv7e-m\libgcc.a(_arm_fixunssfsi.o)
                              ./Generated_Code/PwmLdd1.o (__aeabi_f2uiz)
c:/freescale/kds_3.0.0/toolchain/bin/../lib/gcc/arm-none-eabi/4.8.4/../../../../arm-none-eabi/lib/armv7e-m\libg_s.a(lib_a-exit.o)
                              c:/freescale/kds_3.0.0/toolchain/bin/../lib/gcc/arm-none-eabi/4.8.4/../../../../arm-none-eabi/lib/armv7e-m/crt0.o (exit)
c:/freescale/kds_3.0.0/toolchain/bin/../lib/gcc/arm-none-eabi/4.8.4/../../../../arm-none-eabi/lib/armv7e-m\libg_s.a(lib_a-impure.o)
                              c:/freescale/kds_3.0.0/toolchain/bin/../lib/gcc/arm-none-eabi/4.8.4/../../../../arm-none-eabi/lib/armv7e-m\libg_s.a(lib_a-exit.o) (_global_impure_ptr)
c:/freescale/kds_3.0.0/toolchain/bin/../lib/gcc/arm-none-eabi/4.8.4/../../../../arm-none-eabi/lib/armv7e-m\libg_s.a(lib_a-init.o)
                              c:/freescale/kds_3.0.0/toolchain/bin/../lib/gcc/arm-none-eabi/4.8.4/../../../../arm-none-eabi/lib/armv7e-m/crt0.o (__libc_init_array)
c:/freescale/kds_3.0.0/toolchain/bin/../lib/gcc/arm-none-eabi/4.8.4/../../../../arm-none-eabi/lib/armv7e-m\libg_s.a(lib_a-memset.o)
                              c:/freescale/kds_3.0.0/toolchain/bin/../lib/gcc/arm-none-eabi/4.8.4/../../../../arm-none-eabi/lib/armv7e-m/crt0.o (memset)
c:/freescale/kds_3.0.0/toolchain/bin/../lib/gcc/arm-none-eabi/4.8.4/../../../../arm-none-eabi/lib/armv7e-m\libnosys.a(_exit.o)
                              c:/freescale/kds_3.0.0/toolchain/bin/../lib/gcc/arm-none-eabi/4.8.4/../../../../arm-none-eabi/lib/armv7e-m\libg_s.a(lib_a-exit.o) (_exit)

Allocating common symbols
Common symbol       size              file

ASerialLdd1_DeviceDataPtr
                    0x4               ./Generated_Code/Inhr1.o
SR_reg              0x1               ./Generated_Code/Cpu.o

Discarded input sections

 .text          0x00000000        0x0 c:/freescale/kds_3.0.0/toolchain/bin/../lib/gcc/arm-none-eabi/4.8.4/armv7e-m/crti.o
 .data          0x00000000        0x0 c:/freescale/kds_3.0.0/toolchain/bin/../lib/gcc/arm-none-eabi/4.8.4/armv7e-m/crti.o
 .bss           0x00000000        0x0 c:/freescale/kds_3.0.0/toolchain/bin/../lib/gcc/arm-none-eabi/4.8.4/armv7e-m/crti.o
 .data          0x00000000        0x4 c:/freescale/kds_3.0.0/toolchain/bin/../lib/gcc/arm-none-eabi/4.8.4/armv7e-m/crtbegin.o
 .data          0x00000000        0x0 c:/freescale/kds_3.0.0/toolchain/bin/../lib/gcc/arm-none-eabi/4.8.4/../../../../arm-none-eabi/lib/armv7e-m/crt0.o
 .bss           0x00000000        0x0 c:/freescale/kds_3.0.0/toolchain/bin/../lib/gcc/arm-none-eabi/4.8.4/../../../../arm-none-eabi/lib/armv7e-m/crt0.o
 .ARM.extab     0x00000000        0x0 c:/freescale/kds_3.0.0/toolchain/bin/../lib/gcc/arm-none-eabi/4.8.4/../../../../arm-none-eabi/lib/armv7e-m/crt0.o
 .group         0x00000000        0x8 ./Sources/Events.o
 .group         0x00000000        0x8 ./Sources/Events.o
 .group         0x00000000        0x8 ./Sources/Events.o
 .group         0x00000000        0x8 ./Sources/Events.o
 .group         0x00000000        0x8 ./Sources/Events.o
 .group         0x00000000        0x8 ./Sources/Events.o
 .group         0x00000000        0x8 ./Sources/Events.o
 .group         0x00000000        0x8 ./Sources/Events.o
 .group         0x00000000        0x8 ./Sources/Events.o
 .group         0x00000000        0x8 ./Sources/Events.o
 .group         0x00000000        0x8 ./Sources/Events.o
 .group         0x00000000        0x8 ./Sources/Events.o
 .group         0x00000000        0x8 ./Sources/Events.o
 .group         0x00000000        0x8 ./Sources/Events.o
 .group         0x00000000        0x8 ./Sources/Events.o
 .group         0x00000000        0x8 ./Sources/Events.o
 .group         0x00000000        0x8 ./Sources/Events.o
 .group         0x00000000        0x8 ./Sources/Events.o
 .group         0x00000000        0x8 ./Sources/Events.o
 .group         0x00000000        0x8 ./Sources/Events.o
 .group         0x00000000        0x8 ./Sources/Events.o
 .group         0x00000000        0x8 ./Sources/Events.o
 .group         0x00000000        0x8 ./Sources/Events.o
 .group         0x00000000        0x8 ./Sources/Events.o
 .group         0x00000000        0x8 ./Sources/Events.o
 .group         0x00000000        0x8 ./Sources/Events.o
[...]
Memory Configuration

Name             Origin             Length             Attributes
m_interrupts     0x00000000         0x000000f8         xr
m_text           0x00000410         0x0001fbf0         xr
m_data           0x1fffe000         0x00002000         rw
m_data_20000000  0x20000000         0x00002000         rw
m_cfmprotrom     0x00000400         0x00000010         xr
*default*        0x00000000         0xffffffff

Linker script and memory map

LOAD c:/freescale/kds_3.0.0/toolchain/bin/../lib/gcc/arm-none-eabi/4.8.4/armv7e-m/crti.o
LOAD c:/freescale/kds_3.0.0/toolchain/bin/../lib/gcc/arm-none-eabi/4.8.4/armv7e-m/crtbegin.o
LOAD c:/freescale/kds_3.0.0/toolchain/bin/../lib/gcc/arm-none-eabi/4.8.4/../../../../arm-none-eabi/lib/armv7e-m/crt0.o
LOAD ./Sources/Events.o
LOAD ./Sources/main.o
LOAD ./Project_Settings/Startup_Code/startup.o
LOAD ./Generated_Code/ASerialLdd1.o
LOAD ./Generated_Code/BitIoLdd1.o
LOAD ./Generated_Code/BitIoLdd2.o
LOAD ./Generated_Code/BitIoLdd3.o
LOAD ./Generated_Code/Cpu.o
LOAD ./Generated_Code/Inhr1.o
LOAD ./Generated_Code/PE_LDD.o
LOAD ./Generated_Code/PwmLdd1.o
LOAD ./Generated_Code/PwmLdd2.o
LOAD ./Generated_Code/SpindleSpeed.o
LOAD ./Generated_Code/StepperReset.o
LOAD ./Generated_Code/StepperSleep.o
LOAD ./Generated_Code/TU1.o
LOAD ./Generated_Code/Term1.o
LOAD ./Generated_Code/Vectors.o
LOAD ./Generated_Code/YDirection.o
LOAD ./Generated_Code/YStepper.o
LOAD c:/freescale/kds_3.0.0/toolchain/bin/../lib/gcc/arm-none-eabi/4.8.4/../../../../arm-none-eabi/lib/armv7e-m\libstdc++_s.a
LOAD c:/freescale/kds_3.0.0/toolchain/bin/../lib/gcc/arm-none-eabi/4.8.4/../../../../arm-none-eabi/lib/armv7e-m\libm.a
START GROUP
LOAD c:/freescale/kds_3.0.0/toolchain/bin/../lib/gcc/arm-none-eabi/4.8.4/armv7e-m\libgcc.a
LOAD c:/freescale/kds_3.0.0/toolchain/bin/../lib/gcc/arm-none-eabi/4.8.4/../../../../arm-none-eabi/lib/armv7e-m\libg_s.a
LOAD c:/freescale/kds_3.0.0/toolchain/bin/../lib/gcc/arm-none-eabi/4.8.4/../../../../arm-none-eabi/lib/armv7e-m\libc_s.a
END GROUP
START GROUP
LOAD c:/freescale/kds_3.0.0/toolchain/bin/../lib/gcc/arm-none-eabi/4.8.4/armv7e-m\libgcc.a
LOAD c:/freescale/kds_3.0.0/toolchain/bin/../lib/gcc/arm-none-eabi/4.8.4/../../../../arm-none-eabi/lib/armv7e-m\libc_s.a
LOAD c:/freescale/kds_3.0.0/toolchain/bin/../lib/gcc/arm-none-eabi/4.8.4/../../../../arm-none-eabi/lib/armv7e-m\libnosys.a
END GROUP
START GROUP
LOAD c:/freescale/kds_3.0.0/toolchain/bin/../lib/gcc/arm-none-eabi/4.8.4/armv7e-m\libgcc.a
LOAD c:/freescale/kds_3.0.0/toolchain/bin/../lib/gcc/arm-none-eabi/4.8.4/../../../../arm-none-eabi/lib/armv7e-m\libc_s.a
LOAD c:/freescale/kds_3.0.0/toolchain/bin/../lib/gcc/arm-none-eabi/4.8.4/../../../../arm-none-eabi/lib/armv7e-m\libnosys.a
END GROUP
LOAD c:/freescale/kds_3.0.0/toolchain/bin/../lib/gcc/arm-none-eabi/4.8.4/armv7e-m/crtend.o
LOAD c:/freescale/kds_3.0.0/toolchain/bin/../lib/gcc/arm-none-eabi/4.8.4/armv7e-m/crtn.o
                0x20000000                _estack = 0x20000000
                0x20000000                __SP_INIT = _estack
                0x20000000                __stack = _estack
                0x00000000                __heap_size = 0x0
                0x00000400                __stack_size = 0x400

.interrupts     0x00000000       0xf8
                0x00000000                __vector_table = .
                0x00000000                . = ALIGN (0x4)
 *(.vectortable)
 .vectortable   0x00000000       0xf8 ./Generated_Code/Vectors.o
                0x00000000                __vect_table
                0x000000f8                . = ALIGN (0x4)

.cfmprotect     0x00000400       0x10
                0x00000400                . = ALIGN (0x4)
 *(.cfmconfig)
 .cfmconfig     0x00000400       0x10 ./Generated_Code/Cpu.o
                0x00000400                _cfm
                0x00000410                . = ALIGN (0x4)

.text           0x00000410     0x1940
                0x00000410                . = ALIGN (0x4)
 *(.text)
 .text          0x00000410       0x54 c:/freescale/kds_3.0.0/toolchain/bin/../lib/gcc/arm-none-eabi/4.8.4/armv7e-m/crtbegin.o
 .text          0x00000464       0x74 c:/freescale/kds_3.0.0/toolchain/bin/../lib/gcc/arm-none-eabi/4.8.4/../../../../arm-none-eabi/lib/armv7e-m/crt0.o
                0x00000464                _start
                0x00000464                _mainCRTStartup
 *(.text*)
 .text.Cpu_OnNMIINT
                0x000004d8        0xc ./Sources/Events.o
                0x000004d8                Cpu_OnNMIINT
 .text.change_ratio.6792
                0x000004e4       0x58 ./Sources/main.o
 .text.main     0x0000053c      0x2f4 ./Sources/main.o
                0x0000053c                main
 .text.hor_liner.6794
                0x00000830       0x44 ./Sources/main.o
 .text.ver_lined.6801
                0x00000874       0x44 ./Sources/main.o
 .text.hor_linel.6808
                0x000008b8       0x44 ./Sources/main.o
 .text.ver_lineu.6815
                0x000008fc       0x44 ./Sources/main.o
 .text.create_box.6822
                0x00000940       0x3c ./Sources/main.o
 .text.text.6832
                0x0000097c       0x54 ./Sources/main.o
 .text.__copy_rom_section
                0x000009d0       0xe4 ./Project_Settings/Startup_Code/startup.o
                0x000009d0                __copy_rom_section
 .text.__copy_rom_sections_to_ram
                0x00000ab4       0x9c ./Project_Settings/Startup_Code/startup.o
                0x00000ab4                __copy_rom_sections_to_ram
 .text.__init_registers
                0x00000b50        0xc ./Project_Settings/Startup_Code/startup.o
                0x00000b50                __init_registers
 .text.__init_user
                0x00000b5c        0xc ./Project_Settings/Startup_Code/startup.o
                0x00000b5c                __init_user
 .text.__thumb_startup
                0x00000b68       0x34 ./Project_Settings/Startup_Code/startup.o
                0x00000b68                __thumb_startup
 .text.ASerialLdd1_Init
                0x00000b9c      0x160 ./Generated_Code/ASerialLdd1.o
                0x00000b9c                ASerialLdd1_Init
 .text.ASerialLdd1_ReceiveBlock
                0x00000cfc       0x48 ./Generated_Code/ASerialLdd1.o
                0x00000cfc                ASerialLdd1_ReceiveBlock
 .text.ASerialLdd1_SendBlock
                0x00000d44       0x58 ./Generated_Code/ASerialLdd1.o
                0x00000d44                ASerialLdd1_SendBlock
 .text.ASerialLdd1_GetReceivedDataNum
                0x00000d9c       0x1c ./Generated_Code/ASerialLdd1.o
                0x00000d9c                ASerialLdd1_GetReceivedDataNum
 .text.InterruptRx
                0x00000db8       0x50 ./Generated_Code/ASerialLdd1.o
 .text.InterruptTx
                0x00000e08       0x60 ./Generated_Code/ASerialLdd1.o
 .text.ASerialLdd1_Main
                0x00000e68       0xd8 ./Generated_Code/ASerialLdd1.o
                0x00000e68                ASerialLdd1_Main
 .text.ASerialLdd1_GetError
                0x00000f40       0x2c ./Generated_Code/ASerialLdd1.o
                0x00000f40                ASerialLdd1_GetError
 .text.BitIoLdd1_Init
                0x00000f6c       0x64 ./Generated_Code/BitIoLdd1.o
                0x00000f6c                BitIoLdd1_Init
 .text.BitIoLdd1_ClrVal
                0x00000fd0       0x20 ./Generated_Code/BitIoLdd1.o
                0x00000fd0                BitIoLdd1_ClrVal
 .text.BitIoLdd1_SetVal
                0x00000ff0       0x20 ./Generated_Code/BitIoLdd1.o
                0x00000ff0                BitIoLdd1_SetVal
 .text.BitIoLdd2_Init
                0x00001010       0x64 ./Generated_Code/BitIoLdd2.o
                0x00001010                BitIoLdd2_Init
 .text.BitIoLdd2_ClrVal
                0x00001074       0x1c ./Generated_Code/BitIoLdd2.o
                0x00001074                BitIoLdd2_ClrVal
 .text.BitIoLdd2_SetVal
                0x00001090       0x1c ./Generated_Code/BitIoLdd2.o
                0x00001090                BitIoLdd2_SetVal
 .text.BitIoLdd3_Init
                0x000010ac       0x64 ./Generated_Code/BitIoLdd3.o
                0x000010ac                BitIoLdd3_Init
 .text.BitIoLdd3_ClrVal
                0x00001110       0x1c ./Generated_Code/BitIoLdd3.o
                0x00001110                BitIoLdd3_ClrVal
 .text.BitIoLdd3_SetVal
                0x0000112c       0x1c ./Generated_Code/BitIoLdd3.o
                0x0000112c                BitIoLdd3_SetVal
 .text.Cpu_INT_NMIInterrupt
                0x00001148       0x1c ./Generated_Code/Cpu.o
                0x00001148                Cpu_INT_NMIInterrupt
 .text.Cpu_Interrupt
                0x00001164       0x18 ./Generated_Code/Cpu.o
                0x00001164                Cpu_Interrupt
 .text.__init_hardware
                0x0000117c      0x11c ./Generated_Code/Cpu.o
                0x0000117c                __init_hardware
 .text.Cpu_SetBASEPRI
                0x00001298       0x18 ./Generated_Code/Cpu.o
                0x00001298                Cpu_SetBASEPRI
 .text.PE_low_level_init
                0x000012b0       0xc8 ./Generated_Code/Cpu.o
                0x000012b0                PE_low_level_init
 .text.HWEnDi   0x00001378       0x1c ./Generated_Code/Inhr1.o
 .text.Inhr1_RecvChar
                0x00001394       0x80 ./Generated_Code/Inhr1.o
                0x00001394                Inhr1_RecvChar
 .text.Inhr1_SendChar
                0x00001414       0x5c ./Generated_Code/Inhr1.o
                0x00001414                Inhr1_SendChar
 .text.Inhr1_Init
                0x00001470       0x24 ./Generated_Code/Inhr1.o
                0x00001470                Inhr1_Init
 .text.ASerialLdd1_OnBreak
                0x00001494       0x24 ./Generated_Code/Inhr1.o
                0x00001494                ASerialLdd1_OnBreak
 .text.PwmLdd1_Init
                0x000014b8       0x54 ./Generated_Code/PwmLdd1.o
                0x000014b8                PwmLdd1_Init
 .text.PwmLdd1_SetRatio16
                0x0000150c       0x28 ./Generated_Code/PwmLdd1.o
                0x0000150c                PwmLdd1_SetRatio16
 .text.SetRatio
                0x00001534       0x54 ./Generated_Code/PwmLdd1.o
 .text.PwmLdd2_Init
                0x00001588       0x54 ./Generated_Code/PwmLdd2.o
                0x00001588                PwmLdd2_Init
 .text.PwmLdd2_SetRatio16
                0x000015dc       0x28 ./Generated_Code/PwmLdd2.o
                0x000015dc                PwmLdd2_SetRatio16
 .text.SetRatio
                0x00001604       0x54 ./Generated_Code/PwmLdd2.o
 .text.TU1_Init
                0x00001658      0x124 ./Generated_Code/TU1.o
                0x00001658                TU1_Init
 .text.TU1_GetPeriodTicks
                0x0000177c       0x30 ./Generated_Code/TU1.o
                0x0000177c                TU1_GetPeriodTicks
 .text.TU1_SetOffsetTicks
                0x000017ac       0x54 ./Generated_Code/TU1.o
                0x000017ac                TU1_SetOffsetTicks
 .text.Term1_SendChar
                0x00001800       0x20 ./Generated_Code/Term1.o
                0x00001800                Term1_SendChar
 .text.SendESCPrefix
                0x00001820       0x24 ./Generated_Code/Term1.o
 .text.Term1_CRLF
                0x00001844       0x24 ./Generated_Code/Term1.o
                0x00001844                Term1_CRLF
 .text.Term1_SendStr
                0x00001868       0x34 ./Generated_Code/Term1.o
                0x00001868                Term1_SendStr
 .text.LongToStr
                0x0000189c       0xf4 ./Generated_Code/Term1.o
 .text.Term1_SendNum
                0x00001990       0x54 ./Generated_Code/Term1.o
                0x00001990                Term1_SendNum
 .text.Term1_MoveTo
                0x000019e4       0x44 ./Generated_Code/Term1.o
                0x000019e4                Term1_MoveTo
 .text.Term1_SetColor
                0x00001a28       0x64 ./Generated_Code/Term1.o
                0x00001a28                Term1_SetColor
 .text.exit     0x00001a8c       0x28 c:/freescale/kds_3.0.0/toolchain/bin/../lib/gcc/arm-none-eabi/4.8.4/../../../../arm-none-eabi/lib/armv7e-m\libg_s.a(lib_a-exit.o)
                0x00001a8c                exit
 .text.__libc_init_array
                0x00001ab4       0x4c c:/freescale/kds_3.0.0/toolchain/bin/../lib/gcc/arm-none-eabi/4.8.4/../../../../arm-none-eabi/lib/armv7e-m\libg_s.a(lib_a-init.o)
                0x00001ab4                __libc_init_array
 .text.memset   0x00001b00       0x10 c:/freescale/kds_3.0.0/toolchain/bin/../lib/gcc/arm-none-eabi/4.8.4/../../../../arm-none-eabi/lib/armv7e-m\libg_s.a(lib_a-memset.o)
                0x00001b00                memset
 .text._exit    0x00001b10        0x4 c:/freescale/kds_3.0.0/toolchain/bin/../lib/gcc/arm-none-eabi/4.8.4/../../../../arm-none-eabi/lib/armv7e-m\libnosys.a(_exit.o)
                0x00001b10                _exit
 *(.rodata)
 .rodata        0x00001b14      0x214 ./Sources/main.o
 *(.rodata*)
 .rodata.ChannelDevice
                0x00001d28        0x4 ./Generated_Code/TU1.o
 .rodata.ChannelMode
                0x00001d2c        0x4 ./Generated_Code/TU1.o
 .rodata.str1.1
                0x00001d30        0x2 c:/freescale/kds_3.0.0/toolchain/bin/../lib/gcc/arm-none-eabi/4.8.4/../../../../arm-none-eabi/lib/armv7e-m\libg_s.a(lib_a-impure.o)
 *fill*         0x00001d32        0x2 
 .rodata._global_impure_ptr
                0x00001d34        0x4 c:/freescale/kds_3.0.0/toolchain/bin/../lib/gcc/arm-none-eabi/4.8.4/../../../../arm-none-eabi/lib/armv7e-m\libg_s.a(lib_a-impure.o)
                0x00001d34                _global_impure_ptr
 *(.glue_7)
 .glue_7        0x00000000        0x0 linker stubs
 *(.glue_7t)
 .glue_7t       0x00000000        0x0 linker stubs
 *(.eh_frame)
 .eh_frame      0x00001d38        0x0 c:/freescale/kds_3.0.0/toolchain/bin/../lib/gcc/arm-none-eabi/4.8.4/armv7e-m/crtbegin.o
 *(.init)
 .init          0x00001d38        0x4 c:/freescale/kds_3.0.0/toolchain/bin/../lib/gcc/arm-none-eabi/4.8.4/armv7e-m/crti.o
                0x00001d38                _init
 .init          0x00001d3c        0x8 c:/freescale/kds_3.0.0/toolchain/bin/../lib/gcc/arm-none-eabi/4.8.4/armv7e-m/crtn.o
 *(.fini)
 .fini          0x00001d44        0x4 c:/freescale/kds_3.0.0/toolchain/bin/../lib/gcc/arm-none-eabi/4.8.4/armv7e-m/crti.o
                0x00001d44                _fini
 .fini          0x00001d48        0x8 c:/freescale/kds_3.0.0/toolchain/bin/../lib/gcc/arm-none-eabi/4.8.4/armv7e-m/crtn.o
                0x00001d50                . = ALIGN (0x4)
                0x00001d50                _etext = .

.vfp11_veneer   0x00001d50        0x0
 .vfp11_veneer  0x00000000        0x0 linker stubs

.v4_bx          0x00001d50        0x0
 .v4_bx         0x00000000        0x0 linker stubs

.iplt           0x00001d50        0x0
 .iplt          0x00000000        0x0 c:/freescale/kds_3.0.0/toolchain/bin/../lib/gcc/arm-none-eabi/4.8.4/armv7e-m/crtbegin.o

.ARM.extab
 *(.ARM.extab* .gnu.linkonce.armextab.*)

.ARM            0x00001d50        0x8
                0x00001d50                __exidx_start = .
 *(.ARM.exidx*)
 .ARM.exidx     0x00001d50        0x8 c:/freescale/kds_3.0.0/toolchain/bin/../lib/gcc/arm-none-eabi/4.8.4/../../../../arm-none-eabi/lib/armv7e-m/crt0.o
                0x00001d58                __exidx_end = .

.rel.dyn        0x00001d58        0x0
 .rel.iplt      0x00000000        0x0 c:/freescale/kds_3.0.0/toolchain/bin/../lib/gcc/arm-none-eabi/4.8.4/armv7e-m/crtbegin.o

.ctors          0x00001d58        0x0
                0x00001d58                __CTOR_LIST__ = .
 *crtbegin.o(.ctors)
 *(EXCLUDE_FILE(*crtend.o) .ctors)
 *(SORT(.ctors.*))
 *(.ctors)
                0x00001d58                __CTOR_END__ = .

.dtors          0x00001d58        0x0
                0x00001d58                __DTOR_LIST__ = .
 *crtbegin.o(.dtors)
 *(EXCLUDE_FILE(*crtend.o) .dtors)
 *(SORT(.dtors.*))
 *(.dtors)
                0x00001d58                __DTOR_END__ = .

.preinit_array  0x00001d58        0x0
                0x00001d58                PROVIDE (__preinit_array_start, .)
 *(.preinit_array*)
                0x00001d58                PROVIDE (__preinit_array_end, .)

.init_array     0x00001d58        0x4
                0x00001d58                PROVIDE (__init_array_start, .)
 *(SORT(.init_array.*))
 *(.init_array*)
 .init_array    0x00001d58        0x4 c:/freescale/kds_3.0.0/toolchain/bin/../lib/gcc/arm-none-eabi/4.8.4/armv7e-m/crtbegin.o
                0x00001d5c                PROVIDE (__init_array_end, .)

.fini_array     0x00001d5c        0x4
                0x00001d5c                PROVIDE (__fini_array_start, .)
 *(SORT(.fini_array.*))
 *(.fini_array*)
 .fini_array    0x00001d5c        0x4 c:/freescale/kds_3.0.0/toolchain/bin/../lib/gcc/arm-none-eabi/4.8.4/armv7e-m/crtbegin.o
                0x00001d60                PROVIDE (__fini_array_end, .)
                0x00001d60                ___ROM_AT = .

.data           0x1fffe000       0x60 load address 0x00001d60
                0x1fffe000                . = ALIGN (0x4)
                0x1fffe000                _sdata = .
 *(.data)
 *(.data*)
 .data.impure_data
                0x1fffe000       0x60 c:/freescale/kds_3.0.0/toolchain/bin/../lib/gcc/arm-none-eabi/4.8.4/../../../../arm-none-eabi/lib/armv7e-m\libg_s.a(lib_a-impure.o)
                0x1fffe060                . = ALIGN (0x4)
                0x1fffe060                _edata = .
                0x00000060                ___data_size = (_edata - _sdata)
                0x00001dc0                ___m_data_20000000_ROMStart = (___ROM_AT + SIZEOF (.data))

.jcr            0x1fffe060        0x0 load address 0x00001dc0
 .jcr           0x1fffe060        0x0 c:/freescale/kds_3.0.0/toolchain/bin/../lib/gcc/arm-none-eabi/4.8.4/armv7e-m/crtbegin.o

.igot.plt       0x1fffe060        0x0 load address 0x00001dc0
 .igot.plt      0x00000000        0x0 c:/freescale/kds_3.0.0/toolchain/bin/../lib/gcc/arm-none-eabi/4.8.4/armv7e-m/crtbegin.o

.m_data_20000000
                0x20000000        0x0 load address 0x00001dc0
                0x20000000                . = ALIGN (0x4)
                0x20000000                ___m_data_20000000_RAMStart = .
 *(.m_data_20000000)
                0x20000000                ___m_data_20000000_RAMEnd = .
                0x20000000                . = ALIGN (0x4)
                0x00000000                ___m_data_20000000_ROMSize = (___m_data_20000000_RAMEnd - ___m_data_20000000_RAMStart)
                0x20000000                . = ALIGN (0x4)

.bss            0x1fffe060       0x8c load address 0x00001dc0
                0x1fffe060                __START_BSS = .
                0x1fffe060                PROVIDE (__bss_start__, __START_BSS)
 *(.bss)
 .bss           0x1fffe060       0x1c c:/freescale/kds_3.0.0/toolchain/bin/../lib/gcc/arm-none-eabi/4.8.4/armv7e-m/crtbegin.o
 *(.bss*)
 .bss.DeviceDataPrv__DEFAULT_RTOS_ALLOC
                0x1fffe07c       0x20 ./Generated_Code/ASerialLdd1.o
 .bss.DeviceDataPrv__DEFAULT_RTOS_ALLOC
                0x1fffe09c        0x4 ./Generated_Code/BitIoLdd1.o
 .bss.DeviceDataPrv__DEFAULT_RTOS_ALLOC
                0x1fffe0a0        0x4 ./Generated_Code/BitIoLdd2.o
 .bss.DeviceDataPrv__DEFAULT_RTOS_ALLOC
                0x1fffe0a4        0x4 ./Generated_Code/BitIoLdd3.o
 .bss.SerFlag   0x1fffe0a8        0x2 ./Generated_Code/Inhr1.o
 .bss.BufferRead
                0x1fffe0aa        0x1 ./Generated_Code/Inhr1.o
 .bss.OutBuffer
                0x1fffe0ab        0x1 ./Generated_Code/Inhr1.o
 .bss.PE_LDD_DeviceDataList
                0x1fffe0ac       0x1c ./Generated_Code/PE_LDD.o
                0x1fffe0ac                PE_LDD_DeviceDataList
 .bss.DeviceDataPrv__DEFAULT_RTOS_ALLOC
                0x1fffe0c8        0xc ./Generated_Code/PwmLdd1.o
 .bss.DeviceDataPrv__DEFAULT_RTOS_ALLOC
                0x1fffe0d4        0xc ./Generated_Code/PwmLdd2.o
 .bss.DeviceDataPrv__DEFAULT_RTOS_ALLOC
                0x1fffe0e0        0x8 ./Generated_Code/TU1.o
 *(COMMON)
 COMMON         0x1fffe0e8        0x4 ./Generated_Code/Inhr1.o
                0x1fffe0e8                ASerialLdd1_DeviceDataPtr
                0x1fffe0ec                . = ALIGN (0x4)
                0x1fffe0ec                __END_BSS = .
                0x1fffe0ec                PROVIDE (__bss_end__, __END_BSS)
                0x00001dc0                _romp_at = ((___ROM_AT + SIZEOF (.data)) + SIZEOF (.m_data_20000000))

.romp           0x1fffe0ec       0x24 load address 0x00001dc0
                0x00001dc0                __S_romp = _romp_at
                0x1fffe0ec        0x4 LONG 0x1d60 ___ROM_AT
                0x1fffe0f0        0x4 LONG 0x1fffe000 _sdata
                0x1fffe0f4        0x4 LONG 0x60 ___data_size
                0x1fffe0f8        0x4 LONG 0x1dc0 ___m_data_20000000_ROMStart
                0x1fffe0fc        0x4 LONG 0x20000000 ___m_data_20000000_RAMStart
                0x1fffe100        0x4 LONG 0x0 ___m_data_20000000_ROMSize
                0x1fffe104        0x4 LONG 0x0
                0x1fffe108        0x4 LONG 0x0
                0x1fffe10c        0x4 LONG 0x0

._user_heap_stack
                0x1fffe110      0x400 load address 0x00001de4
                0x1fffe110                . = ALIGN (0x4)
                0x1fffe110                PROVIDE (end, .)
                0x1fffe110                PROVIDE (_end, .)
                0x1fffe110                __heap_addr = .
                0x1fffe110                __HeapBase = .
                0x1fffe110                . = (. + __heap_size)
                0x1fffe110                __HeapLimit = .
                0x1fffe510                . = (. + __stack_size)
 *fill*         0x1fffe110      0x400 
                0x1fffe510                . = ALIGN (0x4)

.ARM.attributes
                0x00000000       0x2a
 *(.ARM.attributes)
 .ARM.attributes
                0x00000000       0x1e c:/freescale/kds_3.0.0/toolchain/bin/../lib/gcc/arm-none-eabi/4.8.4/armv7e-m/crti.o
 .ARM.attributes
                0x0000001e       0x2e c:/freescale/kds_3.0.0/toolchain/bin/../lib/gcc/arm-none-eabi/4.8.4/armv7e-m/crtbegin.o
 .ARM.attributes
                0x0000004c       0x1c c:/freescale/kds_3.0.0/toolchain/bin/../lib/gcc/arm-none-eabi/4.8.4/../../../../arm-none-eabi/lib/armv7e-m/crt0.o
 .ARM.attributes
                0x00000068       0x33 ./Sources/Events.o
 .ARM.attributes
                0x0000009b       0x33 ./Sources/main.o
 .ARM.attributes
                0x000000ce       0x33 ./Project_Settings/Startup_Code/startup.o
 .ARM.attributes
                0x00000101       0x33 ./Generated_Code/ASerialLdd1.o
 .ARM.attributes
                0x00000134       0x33 ./Generated_Code/BitIoLdd1.o
 .ARM.attributes
                0x00000167       0x33 ./Generated_Code/BitIoLdd2.o
 .ARM.attributes
                0x0000019a       0x33 ./Generated_Code/BitIoLdd3.o
 .ARM.attributes
                0x000001cd       0x33 ./Generated_Code/Cpu.o
 .ARM.attributes
                0x00000200       0x33 ./Generated_Code/Inhr1.o
 .ARM.attributes
                0x00000233       0x33 ./Generated_Code/PE_LDD.o
 .ARM.attributes
                0x00000266       0x33 ./Generated_Code/PwmLdd1.o
 .ARM.attributes
                0x00000299       0x33 ./Generated_Code/PwmLdd2.o
 .ARM.attributes
                0x000002cc       0x33 ./Generated_Code/TU1.o
 .ARM.attributes
                0x000002ff       0x33 ./Generated_Code/Term1.o
 .ARM.attributes
                0x00000332       0x33 ./Generated_Code/Vectors.o
 .ARM.attributes
                0x00000365       0x2e c:/freescale/kds_3.0.0/toolchain/bin/../lib/gcc/arm-none-eabi/4.8.4/../../../../arm-none-eabi/lib/armv7e-m\libg_s.a(lib_a-exit.o)
 .ARM.attributes
                0x00000393       0x2e c:/freescale/kds_3.0.0/toolchain/bin/../lib/gcc/arm-none-eabi/4.8.4/../../../../arm-none-eabi/lib/armv7e-m\libg_s.a(lib_a-impure.o)
 .ARM.attributes
                0x000003c1       0x2e c:/freescale/kds_3.0.0/toolchain/bin/../lib/gcc/arm-none-eabi/4.8.4/../../../../arm-none-eabi/lib/armv7e-m\libg_s.a(lib_a-init.o)
 .ARM.attributes
                0x000003ef       0x2e c:/freescale/kds_3.0.0/toolchain/bin/../lib/gcc/arm-none-eabi/4.8.4/../../../../arm-none-eabi/lib/armv7e-m\libg_s.a(lib_a-memset.o)
 .ARM.attributes
                0x0000041d       0x2e c:/freescale/kds_3.0.0/toolchain/bin/../lib/gcc/arm-none-eabi/4.8.4/../../../../arm-none-eabi/lib/armv7e-m\libnosys.a(_exit.o)
 .ARM.attributes
                0x0000044b       0x1e c:/freescale/kds_3.0.0/toolchain/bin/../lib/gcc/arm-none-eabi/4.8.4/armv7e-m/crtn.o
OUTPUT(Assignment 2.elf elf32-littlearm)

.debug_info     0x00000000     0x38da
 .debug_info    0x00000000       0x96 ./Sources/Events.o
 .debug_info    0x00000096      0x31a ./Sources/main.o
 .debug_info    0x000003b0      0x20a ./Project_Settings/Startup_Code/startup.o
 .debug_info    0x000005ba      0x939 ./Generated_Code/ASerialLdd1.o
 .debug_info    0x00000ef3      0x387 ./Generated_Code/BitIoLdd1.o
 .debug_info    0x0000127a      0x387 ./Generated_Code/BitIoLdd2.o
 .debug_info    0x00001601      0x387 ./Generated_Code/BitIoLdd3.o
 .debug_info    0x00001988      0x9e9 ./Generated_Code/Cpu.o
 .debug_info    0x00002371      0x20b ./Generated_Code/Inhr1.o
 .debug_info    0x0000257c      0x251 ./Generated_Code/PE_LDD.o
 .debug_info    0x000027cd      0x2d4 ./Generated_Code/PwmLdd1.o
 .debug_info    0x00002aa1      0x2d4 ./Generated_Code/PwmLdd2.o
 .debug_info    0x00002d75      0x768 ./Generated_Code/TU1.o
 .debug_info    0x000034dd      0x2ef ./Generated_Code/Term1.o
 .debug_info    0x000037cc      0x10e ./Generated_Code/Vectors.o

.debug_abbrev   0x00000000     0x11bb
 .debug_abbrev  0x00000000       0x45 ./Sources/Events.o
 .debug_abbrev  0x00000045       0xfa ./Sources/main.o
 .debug_abbrev  0x0000013f      0x11e ./Project_Settings/Startup_Code/startup.o
 .debug_abbrev  0x0000025d      0x1c3 ./Generated_Code/ASerialLdd1.o
 .debug_abbrev  0x00000420      0x15f ./Generated_Code/BitIoLdd1.o
 .debug_abbrev  0x0000057f      0x15f ./Generated_Code/BitIoLdd2.o
 .debug_abbrev  0x000006de      0x15f ./Generated_Code/BitIoLdd3.o
 .debug_abbrev  0x0000083d      0x178 ./Generated_Code/Cpu.o
 .debug_abbrev  0x000009b5      0x117 ./Generated_Code/Inhr1.o
 .debug_abbrev  0x00000acc      0x10d ./Generated_Code/PE_LDD.o
 .debug_abbrev  0x00000bd9      0x122 ./Generated_Code/PwmLdd1.o
 .debug_abbrev  0x00000cfb      0x122 ./Generated_Code/PwmLdd2.o
 .debug_abbrev  0x00000e1d      0x198 ./Generated_Code/TU1.o
 .debug_abbrev  0x00000fb5      0x162 ./Generated_Code/Term1.o
 .debug_abbrev  0x00001117       0xa4 ./Generated_Code/Vectors.o

.debug_aranges  0x00000000      0x400
 .debug_aranges
                0x00000000       0x20 ./Sources/Events.o
 .debug_aranges
                0x00000020       0x58 ./Sources/main.o
 .debug_aranges
                0x00000078       0x50 ./Project_Settings/Startup_Code/startup.o
 .debug_aranges
                0x000000c8       0x58 ./Generated_Code/ASerialLdd1.o
 .debug_aranges
                0x00000120       0x48 ./Generated_Code/BitIoLdd1.o
 .debug_aranges
                0x00000168       0x48 ./Generated_Code/BitIoLdd2.o
 .debug_aranges
                0x000001b0       0x48 ./Generated_Code/BitIoLdd3.o
 .debug_aranges
                0x000001f8       0x40 ./Generated_Code/Cpu.o
 .debug_aranges
                0x00000238       0x48 ./Generated_Code/Inhr1.o
 .debug_aranges
                0x00000280       0x30 ./Generated_Code/PE_LDD.o
 .debug_aranges
                0x000002b0       0x40 ./Generated_Code/PwmLdd1.o
 .debug_aranges
                0x000002f0       0x40 ./Generated_Code/PwmLdd2.o
 .debug_aranges
                0x00000330       0x48 ./Generated_Code/TU1.o
 .debug_aranges
                0x00000378       0x70 ./Generated_Code/Term1.o
 .debug_aranges
                0x000003e8       0x18 ./Generated_Code/Vectors.o

.debug_ranges   0x00000000      0x308
 .debug_ranges  0x00000000       0x10 ./Sources/Events.o
 .debug_ranges  0x00000010       0x48 ./Sources/main.o
 .debug_ranges  0x00000058       0x40 ./Project_Settings/Startup_Code/startup.o
 .debug_ranges  0x00000098       0x48 ./Generated_Code/ASerialLdd1.o
 .debug_ranges  0x000000e0       0x38 ./Generated_Code/BitIoLdd1.o
 .debug_ranges  0x00000118       0x38 ./Generated_Code/BitIoLdd2.o
 .debug_ranges  0x00000150       0x38 ./Generated_Code/BitIoLdd3.o
 .debug_ranges  0x00000188       0x30 ./Generated_Code/Cpu.o
 .debug_ranges  0x000001b8       0x38 ./Generated_Code/Inhr1.o
 .debug_ranges  0x000001f0       0x20 ./Generated_Code/PE_LDD.o
 .debug_ranges  0x00000210       0x30 ./Generated_Code/PwmLdd1.o
 .debug_ranges  0x00000240       0x30 ./Generated_Code/PwmLdd2.o
 .debug_ranges  0x00000270       0x38 ./Generated_Code/TU1.o
 .debug_ranges  0x000002a8       0x60 ./Generated_Code/Term1.o

.debug_macro    0x00000000    0x19a02
 .debug_macro   0x00000000      0x19b ./Sources/Events.o
 .debug_macro   0x0000019b      0x84a ./Sources/Events.o
 .debug_macro   0x000009e5       0x16 ./Sources/Events.o
 .debug_macro   0x000009fb       0x44 ./Sources/Events.o
 .debug_macro   0x00000a3f      0x209 ./Sources/Events.o
 .debug_macro   0x00000c48     0x1687 ./Sources/Events.o
 .debug_macro   0x000022cf      0x14e ./Sources/Events.o
 .debug_macro   0x0000241d       0x6a ./Sources/Events.o
 .debug_macro   0x00002487     0x9b9f ./Sources/Events.o
 .debug_macro   0x0000c026       0x94 ./Sources/Events.o
 .debug_macro   0x0000c0ba       0x34 ./Sources/Events.o
 .debug_macro   0x0000c0ee       0x5e ./Sources/Events.o
 .debug_macro   0x0000c14c       0x11 ./Sources/Events.o
 .debug_macro   0x0000c15d       0x94 ./Sources/Events.o
 .debug_macro   0x0000c1f1      0x6a0 ./Sources/Events.o
 .debug_macro   0x0000c891       0x7b ./Sources/Events.o
 .debug_macro   0x0000c90c       0x37 ./Sources/Events.o
 .debug_macro   0x0000c943       0x25 ./Sources/Events.o
 .debug_macro   0x0000c968      0x132 ./Sources/Events.o
 .debug_macro   0x0000ca9a       0x46 ./Sources/Events.o
 .debug_macro   0x0000cae0       0x26 ./Sources/Events.o
 .debug_macro   0x0000cb06       0x4c ./Sources/Events.o
 .debug_macro   0x0000cb52       0x26 ./Sources/Events.o
 .debug_macro   0x0000cb78       0x4c ./Sources/Events.o
 .debug_macro   0x0000cbc4       0x26 ./Sources/Events.o
 .debug_macro   0x0000cbea       0x3d ./Sources/Events.o
 .debug_macro   0x0000cc27       0x25 ./Sources/Events.o
 .debug_macro   0x0000cc4c      0x29c ./Sources/main.o
 .debug_macro   0x0000cee8       0x22 ./Sources/main.o
 .debug_macro   0x0000cf0a       0x58 ./Sources/main.o
 .debug_macro   0x0000cf62       0x35 ./Sources/main.o
 .debug_macro   0x0000cf97       0xa3 ./Sources/main.o
 .debug_macro   0x0000d03a       0x16 ./Sources/main.o
 .debug_macro   0x0000d050       0x97 ./Sources/main.o
 .debug_macro   0x0000d0e7       0x10 ./Sources/main.o
 .debug_macro   0x0000d0f7       0xef ./Sources/main.o
 .debug_macro   0x0000d1e6       0x52 ./Sources/main.o
 .debug_macro   0x0000d238       0x16 ./Sources/main.o
 .debug_macro   0x0000d24e       0x43 ./Sources/main.o
 .debug_macro   0x0000d291      0x180 ./Sources/main.o
 .debug_macro   0x0000d411       0x10 ./Sources/main.o
 .debug_macro   0x0000d421       0x22 ./Sources/main.o
 .debug_macro   0x0000d443       0xbd ./Sources/main.o
 .debug_macro   0x0000d500       0x16 ./Sources/main.o
 .debug_macro   0x0000d516      0x14a ./Sources/main.o
 .debug_macro   0x0000d660      0x2a6 ./Sources/main.o
 .debug_macro   0x0000d906       0x10 ./Sources/main.o
 .debug_macro   0x0000d916       0x35 ./Sources/main.o
 .debug_macro   0x0000d94b      0x121 ./Project_Settings/Startup_Code/startup.o
 .debug_macro   0x0000da6c      0x166 ./Project_Settings/Startup_Code/startup.o
 .debug_macro   0x0000dbd2       0x4a ./Project_Settings/Startup_Code/startup.o
 .debug_macro   0x0000dc1c       0x16 ./Project_Settings/Startup_Code/startup.o
 .debug_macro   0x0000dc32       0x22 ./Project_Settings/Startup_Code/startup.o
 .debug_macro   0x0000dc54       0x10 ./Project_Settings/Startup_Code/startup.o
 .debug_macro   0x0000dc64      0x20f ./Project_Settings/Startup_Code/startup.o
 .debug_macro   0x0000de73     0x9b93 ./Project_Settings/Startup_Code/startup.o
 .debug_macro   0x00017a06       0xc5 ./Generated_Code/ASerialLdd1.o
 .debug_macro   0x00017acb       0x58 ./Generated_Code/ASerialLdd1.o
 .debug_macro   0x00017b23       0x17 ./Generated_Code/ASerialLdd1.o
 .debug_macro   0x00017b3a      0x7ab ./Generated_Code/ASerialLdd1.o
 .debug_macro   0x000182e5      0x9b1 ./Generated_Code/ASerialLdd1.o
 .debug_macro   0x00018c96       0xa6 ./Generated_Code/BitIoLdd1.o
 .debug_macro   0x00018d3c      0x12c ./Generated_Code/BitIoLdd1.o
 .debug_macro   0x00018e68       0x9a ./Generated_Code/BitIoLdd1.o
 .debug_macro   0x00018f02       0xa6 ./Generated_Code/BitIoLdd2.o
 .debug_macro   0x00018fa8       0x46 ./Generated_Code/BitIoLdd2.o
 .debug_macro   0x00018fee       0xa6 ./Generated_Code/BitIoLdd3.o
 .debug_macro   0x00019094       0x46 ./Generated_Code/BitIoLdd3.o
 .debug_macro   0x000190da      0x1b0 ./Generated_Code/Cpu.o
 .debug_macro   0x0001928a       0x3d ./Generated_Code/Cpu.o
 .debug_macro   0x000192c7       0xdf ./Generated_Code/Inhr1.o
 .debug_macro   0x000193a6      0x15f ./Generated_Code/PE_LDD.o
 .debug_macro   0x00019505       0xbd ./Generated_Code/PwmLdd1.o
 .debug_macro   0x000195c2       0x37 ./Generated_Code/PwmLdd1.o
 .debug_macro   0x000195f9       0xbd ./Generated_Code/PwmLdd2.o
 .debug_macro   0x000196b6       0xb9 ./Generated_Code/TU1.o
 .debug_macro   0x0001976f       0xb2 ./Generated_Code/Term1.o
 .debug_macro   0x00019821      0x1a7 ./Generated_Code/Vectors.o
 .debug_macro   0x000199c8       0x3a ./Generated_Code/Vectors.o

.debug_line     0x00000000     0x3588
 .debug_line    0x00000000      0x379 ./Sources/Events.o
 .debug_line    0x00000379      0x5c8 ./Sources/main.o
 .debug_line    0x00000941      0x3d8 ./Project_Settings/Startup_Code/startup.o
 .debug_line    0x00000d19      0x368 ./Generated_Code/ASerialLdd1.o
 .debug_line    0x00001081      0x2db ./Generated_Code/BitIoLdd1.o
 .debug_line    0x0000135c      0x2db ./Generated_Code/BitIoLdd2.o
 .debug_line    0x00001637      0x2db ./Generated_Code/BitIoLdd3.o
 .debug_line    0x00001912      0x52e ./Generated_Code/Cpu.o
 .debug_line    0x00001e40      0x291 ./Generated_Code/Inhr1.o
 .debug_line    0x000020d1      0x37e ./Generated_Code/PE_LDD.o
 .debug_line    0x0000244f      0x2e1 ./Generated_Code/PwmLdd1.o
 .debug_line    0x00002730      0x2e1 ./Generated_Code/PwmLdd2.o
 .debug_line    0x00002a11      0x318 ./Generated_Code/TU1.o
 .debug_line    0x00002d29      0x3b8 ./Generated_Code/Term1.o
 .debug_line    0x000030e1      0x4a7 ./Generated_Code/Vectors.o

.debug_str      0x00000000    0x5bde7
 .debug_str     0x00000000    0x4998e ./Sources/Events.o
                              0x49ade (size before relaxing)
 .debug_str     0x0004998e     0x2f39 ./Sources/main.o
                              0x4ca88 (size before relaxing)
 .debug_str     0x0004c8c7      0x1b0 ./Project_Settings/Startup_Code/startup.o
                              0x3a1d5 (size before relaxing)
 .debug_str     0x0004ca77     0xe6d5 ./Generated_Code/ASerialLdd1.o
                              0x4dbfd (size before relaxing)
 .debug_str     0x0005b14c       0xf8 ./Generated_Code/BitIoLdd1.o
                              0x3fea2 (size before relaxing)
 .debug_str     0x0005b244       0xb1 ./Generated_Code/BitIoLdd2.o
                              0x3fea0 (size before relaxing)
 .debug_str     0x0005b2f5       0xb1 ./Generated_Code/BitIoLdd3.o
                              0x3fea0 (size before relaxing)
 .debug_str     0x0005b3a6      0x293 ./Generated_Code/Cpu.o
                              0x49e9b (size before relaxing)
 .debug_str     0x0005b639      0x17f ./Generated_Code/Inhr1.o
                              0x3f17b (size before relaxing)
 .debug_str     0x0005b7b8      0x17e ./Generated_Code/PE_LDD.o
                              0x49c93 (size before relaxing)
 .debug_str     0x0005b936       0xcf ./Generated_Code/PwmLdd1.o
                              0x4848e (size before relaxing)
 .debug_str     0x0005ba05       0x82 ./Generated_Code/PwmLdd2.o
                              0x4848e (size before relaxing)
 .debug_str     0x0005ba87      0x255 ./Generated_Code/TU1.o
                              0x485c5 (size before relaxing)
 .debug_str     0x0005bcdc       0xef ./Generated_Code/Term1.o
                              0x3f13a (size before relaxing)
 .debug_str     0x0005bdcb       0x1c ./Generated_Code/Vectors.o
                              0x49b26 (size before relaxing)

.comment        0x00000000       0x70
 .comment       0x00000000       0x70 ./Sources/Events.o
                                 0x71 (size before relaxing)
 .comment       0x00000000       0x71 ./Sources/main.o
 .comment       0x00000000       0x71 ./Project_Settings/Startup_Code/startup.o
 .comment       0x00000000       0x71 ./Generated_Code/ASerialLdd1.o
 .comment       0x00000000       0x71 ./Generated_Code/BitIoLdd1.o
 .comment       0x00000000       0x71 ./Generated_Code/BitIoLdd2.o
 .comment       0x00000000       0x71 ./Generated_Code/BitIoLdd3.o
 .comment       0x00000000       0x71 ./Generated_Code/Cpu.o
 .comment       0x00000000       0x71 ./Generated_Code/Inhr1.o
 .comment       0x00000000       0x71 ./Generated_Code/PE_LDD.o
 .comment       0x00000000       0x71 ./Generated_Code/PwmLdd1.o
 .comment       0x00000000       0x71 ./Generated_Code/PwmLdd2.o
 .comment       0x00000000       0x71 ./Generated_Code/TU1.o
 .comment       0x00000000       0x71 ./Generated_Code/Term1.o
 .comment       0x00000000       0x71 ./Generated_Code/Vectors.o

.debug_frame    0x00000000      0xaf0
 .debug_frame   0x00000000       0x28 ./Sources/Events.o
 .debug_frame   0x00000028      0x10c ./Sources/main.o
 .debug_frame   0x00000134       0xc0 ./Project_Settings/Startup_Code/startup.o
 .debug_frame   0x000001f4      0x100 ./Generated_Code/ASerialLdd1.o
 .debug_frame   0x000002f4       0xb8 ./Generated_Code/BitIoLdd1.o
 .debug_frame   0x000003ac       0xb8 ./Generated_Code/BitIoLdd2.o
 .debug_frame   0x00000464       0xb8 ./Generated_Code/BitIoLdd3.o
 .debug_frame   0x0000051c       0xa4 ./Generated_Code/Cpu.o
 .debug_frame   0x000005c0       0xc0 ./Generated_Code/Inhr1.o
 .debug_frame   0x00000680       0x64 ./Generated_Code/PE_LDD.o
 .debug_frame   0x000006e4       0xb0 ./Generated_Code/PwmLdd1.o
 .debug_frame   0x00000794       0xb0 ./Generated_Code/PwmLdd2.o
 .debug_frame   0x00000844       0xbc ./Generated_Code/TU1.o
 .debug_frame   0x00000900      0x15c ./Generated_Code/Term1.o
 .debug_frame   0x00000a5c       0x28 c:/freescale/kds_3.0.0/toolchain/bin/../lib/gcc/arm-none-eabi/4.8.4/../../../../arm-none-eabi/lib/armv7e-m\libg_s.a(lib_a-exit.o)
 .debug_frame   0x00000a84       0x2c c:/freescale/kds_3.0.0/toolchain/bin/../lib/gcc/arm-none-eabi/4.8.4/../../../../arm-none-eabi/lib/armv7e-m\libg_s.a(lib_a-init.o)
 .debug_frame   0x00000ab0       0x20 c:/freescale/kds_3.0.0/toolchain/bin/../lib/gcc/arm-none-eabi/4.8.4/../../../../arm-none-eabi/lib/armv7e-m\libg_s.a(lib_a-memset.o)
 .debug_frame   0x00000ad0       0x20 c:/freescale/kds_3.0.0/toolchain/bin/../lib/gcc/arm-none-eabi/4.8.4/../../../../arm-none-eabi/lib/armv7e-m\libnosys.a(_exit.o)
