Archive member included because of file (symbol)

c:/freescale/kds_3.0.0/toolchain/bin/../lib/gcc/arm-none-eabi/4.8.4/../../../../arm-none-eabi/lib/armv7e-m\libg_s.a(lib_a-exit.o)
                              c:/freescale/kds_3.0.0/toolchain/bin/../lib/gcc/arm-none-eabi/4.8.4/../../../../arm-none-eabi/lib/armv7e-m/crt0.o (exit)
c:/freescale/kds_3.0.0/toolchain/bin/../lib/gcc/arm-none-eabi/4.8.4/../../../../arm-none-eabi/lib/armv7e-m\libg_s.a(lib_a-impure.o)
                              c:/freescale/kds_3.0.0/toolchain/bin/../lib/gcc/arm-none-eabi/4.8.4/../../../../arm-none-eabi/lib/armv7e-m\libg_s.a(lib_a-exit.o) (_global_impure_ptr)
c:/freescale/kds_3.0.0/toolchain/bin/../lib/gcc/arm-none-eabi/4.8.4/../../../../arm-none-eabi/lib/armv7e-m\libg_s.a(lib_a-init.o)
                              c:/freescale/kds_3.0.0/toolchain/bin/../lib/gcc/arm-none-eabi/4.8.4/../../../../arm-none-eabi/lib/armv7e-m/crt0.o (__libc_init_array)
c:/freescale/kds_3.0.0/toolchain/bin/../lib/gcc/arm-none-eabi/4.8.4/../../../../arm-none-eabi/lib/armv7e-m\libg_s.a(lib_a-memset.o)
                              c:/freescale/kds_3.0.0/toolchain/bin/../lib/gcc/arm-none-eabi/4.8.4/../../../../arm-none-eabi/lib/armv7e-m/crt0.o (memset)
c:/freescale/kds_3.0.0/toolchain/bin/../lib/gcc/arm-none-eabi/4.8.4/../../../../arm-none-eabi/lib/armv7e-m\libnosys.a(_exit.o)
                              c:/freescale/kds_3.0.0/toolchain/bin/../lib/gcc/arm-none-eabi/4.8.4/../../../../arm-none-eabi/lib/armv7e-m\libg_s.a(lib_a-exit.o) (_exit)

Allocating common symbols
Common symbol       size              file

ASerialLdd1_DeviceDataPtr
                    0x4               ./Generated_Code/Inhr1.o
SR_reg              0x1               ./Generated_Code/Cpu.o

Discarded input sections

 .text          0x00000000        0x0 c:/freescale/kds_3.0.0/toolchain/bin/../lib/gcc/arm-none-eabi/4.8.4/armv7e-m/crti.o
 .data          0x00000000        0x0 c:/freescale/kds_3.0.0/toolchain/bin/../lib/gcc/arm-none-eabi/4.8.4/armv7e-m/crti.o
 .bss           0x00000000        0x0 c:/freescale/kds_3.0.0/toolchain/bin/../lib/gcc/arm-none-eabi/4.8.4/armv7e-m/crti.o
 .data          0x00000000        0x4 c:/freescale/kds_3.0.0/toolchain/bin/../lib/gcc/arm-none-eabi/4.8.4/armv7e-m/crtbegin.o
 .data          0x00000000        0x0 c:/freescale/kds_3.0.0/toolchain/bin/../lib/gcc/arm-none-eabi/4.8.4/../../../../arm-none-eabi/lib/armv7e-m/crt0.o
 .bss           0x00000000        0x0 c:/freescale/kds_3.0.0/toolchain/bin/../lib/gcc/arm-none-eabi/4.8.4/../../../../arm-none-eabi/lib/armv7e-m/crt0.o
 .ARM.extab     0x00000000        0x0 c:/freescale/kds_3.0.0/toolchain/bin/../lib/gcc/arm-none-eabi/4.8.4/../../../../arm-none-eabi/lib/armv7e-m/crt0.o
 .group         0x00000000        0x8 ./Sources/Events.o
 .group         0x00000000        0x8 ./Sources/Events.o
 .group         0x00000000        0x8 ./Sources/Events.o
 .group         0x00000000        0x8 ./Sources/Events.o
 .group         0x00000000        0x8 ./Sources/Events.o
 .group         0x00000000        0x8 ./Sources/Events.o
 .group         0x00000000        0x8 ./Sources/Events.o
 .group         0x00000000        0x8 ./Sources/Events.o
 .group         0x00000000        0x8 ./Sources/Events.o
 .group         0x00000000        0x8 ./Sources/Events.o
 .group         0x00000000        0x8 ./Sources/Events.o
 .group         0x00000000        0x8 ./Sources/Events.o
 .text          0x00000000        0x0 ./Sources/Events.o
 .data          0x00000000        0x0 ./Sources/Events.o
 .bss           0x00000000        0x0 ./Sources/Events.o
 .group         0x00000000        0x8 ./Sources/main.o
 .group         0x00000000        0x8 ./Sources/main.o
 .group         0x00000000        0x8 ./Sources/main.o
 .group         0x00000000        0x8 ./Sources/main.o
 .group         0x00000000        0x8 ./Sources/main.o
 .group         0x00000000        0x8 ./Sources/main.o
 .group         0x00000000        0x8 ./Sources/main.o
 .group         0x00000000        0x8 ./Sources/main.o
 .group         0x00000000        0x8 ./Sources/main.o
 .group         0x00000000        0x8 ./Sources/main.o
 .group         0x00000000        0x8 ./Sources/main.o
 .group         0x00000000        0x8 ./Sources/main.o
 .text          0x00000000        0x0 ./Sources/main.o
 .data          0x00000000        0x0 ./Sources/main.o
 .bss           0x00000000        0x0 ./Sources/main.o
 .debug_macro   0x00000000      0x84a ./Sources/main.o
 .debug_macro   0x00000000       0x16 ./Sources/main.o
 .debug_macro   0x00000000       0x44 ./Sources/main.o
 .debug_macro   0x00000000      0x209 ./Sources/main.o
 .debug_macro   0x00000000     0x165d ./Sources/main.o
 .debug_macro   0x00000000      0x14e ./Sources/main.o
 .debug_macro   0x00000000       0x6a ./Sources/main.o
 .debug_macro   0x00000000     0x9b9f ./Sources/main.o
 .debug_macro   0x00000000       0x94 ./Sources/main.o
 .debug_macro   0x00000000       0x34 ./Sources/main.o
 .debug_macro   0x00000000       0x5e ./Sources/main.o
 .debug_macro   0x00000000       0x11 ./Sources/main.o
 .group         0x00000000        0x8 ./Project_Settings/Startup_Code/startup.o
 .group         0x00000000        0x8 ./Project_Settings/Startup_Code/startup.o
 .group         0x00000000        0x8 ./Project_Settings/Startup_Code/startup.o
 .group         0x00000000        0x8 ./Project_Settings/Startup_Code/startup.o
 .group         0x00000000        0x8 ./Project_Settings/Startup_Code/startup.o
 .group         0x00000000        0x8 ./Project_Settings/Startup_Code/startup.o
 .group         0x00000000        0x8 ./Project_Settings/Startup_Code/startup.o
 .group         0x00000000        0x8 ./Project_Settings/Startup_Code/startup.o
 .group         0x00000000        0x8 ./Project_Settings/Startup_Code/startup.o
 .group         0x00000000        0x8 ./Project_Settings/Startup_Code/startup.o
 .group         0x00000000        0x8 ./Project_Settings/Startup_Code/startup.o
 .group         0x00000000        0x8 ./Project_Settings/Startup_Code/startup.o
 .group         0x00000000        0x8 ./Project_Settings/Startup_Code/startup.o
 .group         0x00000000        0x8 ./Project_Settings/Startup_Code/startup.o
 .group         0x00000000        0x8 ./Project_Settings/Startup_Code/startup.o
 .group         0x00000000        0x8 ./Project_Settings/Startup_Code/startup.o
 .group         0x00000000        0x8 ./Project_Settings/Startup_Code/startup.o
 .group         0x00000000        0x8 ./Project_Settings/Startup_Code/startup.o
 .group         0x00000000        0x8 ./Project_Settings/Startup_Code/startup.o
 .text          0x00000000        0x0 ./Project_Settings/Startup_Code/startup.o
 .data          0x00000000        0x0 ./Project_Settings/Startup_Code/startup.o
 .bss           0x00000000        0x0 ./Project_Settings/Startup_Code/startup.o
 .text.__init_hardware
                0x00000000        0xc ./Project_Settings/Startup_Code/startup.o
 .text.__iar_program_start
                0x00000000        0xc ./Project_Settings/Startup_Code/startup.o
 .debug_macro   0x00000000      0x84a ./Project_Settings/Startup_Code/startup.o
 .debug_macro   0x00000000       0x16 ./Project_Settings/Startup_Code/startup.o
 .group         0x00000000        0x8 ./Generated_Code/ASerialLdd1.o
 .group         0x00000000        0x8 ./Generated_Code/ASerialLdd1.o
 .group         0x00000000        0x8 ./Generated_Code/ASerialLdd1.o
 .group         0x00000000        0x8 ./Generated_Code/ASerialLdd1.o
 .group         0x00000000        0x8 ./Generated_Code/ASerialLdd1.o
 .group         0x00000000        0x8 ./Generated_Code/ASerialLdd1.o
 .group         0x00000000        0x8 ./Generated_Code/ASerialLdd1.o
 .group         0x00000000        0x8 ./Generated_Code/ASerialLdd1.o
 .group         0x00000000        0x8 ./Generated_Code/ASerialLdd1.o
 .group         0x00000000        0x8 ./Generated_Code/ASerialLdd1.o
 .group         0x00000000        0x8 ./Generated_Code/ASerialLdd1.o
 .group         0x00000000        0x8 ./Generated_Code/ASerialLdd1.o
 .group         0x00000000        0x8 ./Generated_Code/ASerialLdd1.o
 .group         0x00000000        0x8 ./Generated_Code/ASerialLdd1.o
 .text          0x00000000        0x0 ./Generated_Code/ASerialLdd1.o
 .data          0x00000000        0x0 ./Generated_Code/ASerialLdd1.o
 .bss           0x00000000        0x0 ./Generated_Code/ASerialLdd1.o
 .debug_macro   0x00000000      0x84a ./Generated_Code/ASerialLdd1.o
 .debug_macro   0x00000000       0x16 ./Generated_Code/ASerialLdd1.o
 .debug_macro   0x00000000       0x44 ./Generated_Code/ASerialLdd1.o
 .debug_macro   0x00000000      0x209 ./Generated_Code/ASerialLdd1.o
 .debug_macro   0x00000000     0x165d ./Generated_Code/ASerialLdd1.o
 .debug_macro   0x00000000      0x14e ./Generated_Code/ASerialLdd1.o
 .debug_macro   0x00000000       0x6a ./Generated_Code/ASerialLdd1.o
 .debug_macro   0x00000000     0x9b9f ./Generated_Code/ASerialLdd1.o
 .debug_macro   0x00000000       0x94 ./Generated_Code/ASerialLdd1.o
 .group         0x00000000        0x8 ./Generated_Code/Cpu.o
 .group         0x00000000        0x8 ./Generated_Code/Cpu.o
 .group         0x00000000        0x8 ./Generated_Code/Cpu.o
 .group         0x00000000        0x8 ./Generated_Code/Cpu.o
 .group         0x00000000        0x8 ./Generated_Code/Cpu.o
 .group         0x00000000        0x8 ./Generated_Code/Cpu.o
 .group         0x00000000        0x8 ./Generated_Code/Cpu.o
 .group         0x00000000        0x8 ./Generated_Code/Cpu.o
 .group         0x00000000        0x8 ./Generated_Code/Cpu.o
 .group         0x00000000        0x8 ./Generated_Code/Cpu.o
 .group         0x00000000        0x8 ./Generated_Code/Cpu.o
 .group         0x00000000        0x8 ./Generated_Code/Cpu.o
 .text          0x00000000        0x0 ./Generated_Code/Cpu.o
 .data          0x00000000        0x0 ./Generated_Code/Cpu.o
 .bss           0x00000000        0x0 ./Generated_Code/Cpu.o
 .bss.SR_lock   0x00000000        0x1 ./Generated_Code/Cpu.o
 .debug_macro   0x00000000      0x84a ./Generated_Code/Cpu.o
 .debug_macro   0x00000000       0x16 ./Generated_Code/Cpu.o
 .debug_macro   0x00000000       0x44 ./Generated_Code/Cpu.o
 .debug_macro   0x00000000      0x209 ./Generated_Code/Cpu.o
 .debug_macro   0x00000000     0x165d ./Generated_Code/Cpu.o
 .debug_macro   0x00000000      0x14e ./Generated_Code/Cpu.o
 .debug_macro   0x00000000       0x6a ./Generated_Code/Cpu.o
 .debug_macro   0x00000000     0x9b9f ./Generated_Code/Cpu.o
 .debug_macro   0x00000000       0x34 ./Generated_Code/Cpu.o
 .debug_macro   0x00000000       0x5e ./Generated_Code/Cpu.o
 .debug_macro   0x00000000       0x11 ./Generated_Code/Cpu.o
 COMMON         0x00000000        0x1 ./Generated_Code/Cpu.o
 .group         0x00000000        0x8 ./Generated_Code/Inhr1.o
 .group         0x00000000        0x8 ./Generated_Code/Inhr1.o
 .group         0x00000000        0x8 ./Generated_Code/Inhr1.o
 .group         0x00000000        0x8 ./Generated_Code/Inhr1.o
 .group         0x00000000        0x8 ./Generated_Code/Inhr1.o
 .group         0x00000000        0x8 ./Generated_Code/Inhr1.o
 .group         0x00000000        0x8 ./Generated_Code/Inhr1.o
 .group         0x00000000        0x8 ./Generated_Code/Inhr1.o
 .group         0x00000000        0x8 ./Generated_Code/Inhr1.o
 .group         0x00000000        0x8 ./Generated_Code/Inhr1.o
 .group         0x00000000        0x8 ./Generated_Code/Inhr1.o
 .text          0x00000000        0x0 ./Generated_Code/Inhr1.o
 .data          0x00000000        0x0 ./Generated_Code/Inhr1.o
 .bss           0x00000000        0x0 ./Generated_Code/Inhr1.o
 .text.Inhr1_GetCharsInRxBuf
                0x00000000       0x24 ./Generated_Code/Inhr1.o
 .debug_macro   0x00000000      0x84a ./Generated_Code/Inhr1.o
 .debug_macro   0x00000000       0x16 ./Generated_Code/Inhr1.o
 .debug_macro   0x00000000       0x44 ./Generated_Code/Inhr1.o
 .debug_macro   0x00000000      0x209 ./Generated_Code/Inhr1.o
 .debug_macro   0x00000000     0x165d ./Generated_Code/Inhr1.o
 .debug_macro   0x00000000      0x14e ./Generated_Code/Inhr1.o
 .debug_macro   0x00000000       0x6a ./Generated_Code/Inhr1.o
 .debug_macro   0x00000000     0x9b9f ./Generated_Code/Inhr1.o
 .debug_macro   0x00000000       0x94 ./Generated_Code/Inhr1.o
 .debug_macro   0x00000000       0x58 ./Generated_Code/Inhr1.o
 .debug_macro   0x00000000       0x11 ./Generated_Code/Inhr1.o
 .group         0x00000000        0x8 ./Generated_Code/PE_LDD.o
 .group         0x00000000        0x8 ./Generated_Code/PE_LDD.o
 .group         0x00000000        0x8 ./Generated_Code/PE_LDD.o
 .group         0x00000000        0x8 ./Generated_Code/PE_LDD.o
 .group         0x00000000        0x8 ./Generated_Code/PE_LDD.o
 .group         0x00000000        0x8 ./Generated_Code/PE_LDD.o
 .group         0x00000000        0x8 ./Generated_Code/PE_LDD.o
 .group         0x00000000        0x8 ./Generated_Code/PE_LDD.o
 .group         0x00000000        0x8 ./Generated_Code/PE_LDD.o
 .group         0x00000000        0x8 ./Generated_Code/PE_LDD.o
 .group         0x00000000        0x8 ./Generated_Code/PE_LDD.o
 .group         0x00000000        0x8 ./Generated_Code/PE_LDD.o
 .text          0x00000000        0x0 ./Generated_Code/PE_LDD.o
 .data          0x00000000        0x0 ./Generated_Code/PE_LDD.o
 .bss           0x00000000        0x0 ./Generated_Code/PE_LDD.o
 .rodata.PE_CpuClockConfigurations
                0x00000000       0x28 ./Generated_Code/PE_LDD.o
 .text.PE_FillMemory
                0x00000000       0x24 ./Generated_Code/PE_LDD.o
 .text.PE_PeripheralUsed
                0x00000000       0x30 ./Generated_Code/PE_LDD.o
 .text.LDD_SetClockConfiguration
                0x00000000       0x14 ./Generated_Code/PE_LDD.o
 .debug_macro   0x00000000      0x84a ./Generated_Code/PE_LDD.o
 .debug_macro   0x00000000       0x16 ./Generated_Code/PE_LDD.o
 .debug_macro   0x00000000       0x44 ./Generated_Code/PE_LDD.o
 .debug_macro   0x00000000      0x209 ./Generated_Code/PE_LDD.o
 .debug_macro   0x00000000     0x165d ./Generated_Code/PE_LDD.o
 .debug_macro   0x00000000      0x14e ./Generated_Code/PE_LDD.o
 .debug_macro   0x00000000       0x6a ./Generated_Code/PE_LDD.o
 .debug_macro   0x00000000     0x9b9f ./Generated_Code/PE_LDD.o
 .debug_macro   0x00000000       0x9a ./Generated_Code/PE_LDD.o
 .debug_macro   0x00000000       0x34 ./Generated_Code/PE_LDD.o
 .debug_macro   0x00000000       0x5e ./Generated_Code/PE_LDD.o
 .debug_macro   0x00000000       0x11 ./Generated_Code/PE_LDD.o
 .group         0x00000000        0x8 ./Generated_Code/Term1.o
 .group         0x00000000        0x8 ./Generated_Code/Term1.o
 .group         0x00000000        0x8 ./Generated_Code/Term1.o
 .group         0x00000000        0x8 ./Generated_Code/Term1.o
 .group         0x00000000        0x8 ./Generated_Code/Term1.o
 .group         0x00000000        0x8 ./Generated_Code/Term1.o
 .group         0x00000000        0x8 ./Generated_Code/Term1.o
 .group         0x00000000        0x8 ./Generated_Code/Term1.o
 .group         0x00000000        0x8 ./Generated_Code/Term1.o
 .group         0x00000000        0x8 ./Generated_Code/Term1.o
 .group         0x00000000        0x8 ./Generated_Code/Term1.o
 .group         0x00000000        0x8 ./Generated_Code/Term1.o
 .text          0x00000000        0x0 ./Generated_Code/Term1.o
 .data          0x00000000        0x0 ./Generated_Code/Term1.o
 .bss           0x00000000        0x0 ./Generated_Code/Term1.o
 .text.Term1_ReadChar
                0x00000000       0x1c ./Generated_Code/Term1.o
 .text.Term1_KeyPressed
                0x00000000       0x1c ./Generated_Code/Term1.o
 .text.Term1_CRLF
                0x00000000       0x24 ./Generated_Code/Term1.o
 .text.Term1_Cls
                0x00000000       0x28 ./Generated_Code/Term1.o
 .debug_macro   0x00000000      0x84a ./Generated_Code/Term1.o
 .debug_macro   0x00000000       0x16 ./Generated_Code/Term1.o
 .debug_macro   0x00000000       0x44 ./Generated_Code/Term1.o
 .debug_macro   0x00000000      0x209 ./Generated_Code/Term1.o
 .debug_macro   0x00000000     0x165d ./Generated_Code/Term1.o
 .debug_macro   0x00000000      0x14e ./Generated_Code/Term1.o
 .debug_macro   0x00000000       0x6a ./Generated_Code/Term1.o
 .debug_macro   0x00000000     0x9b9f ./Generated_Code/Term1.o
 .debug_macro   0x00000000       0x9a ./Generated_Code/Term1.o
 .debug_macro   0x00000000       0x34 ./Generated_Code/Term1.o
 .debug_macro   0x00000000       0x5e ./Generated_Code/Term1.o
 .debug_macro   0x00000000       0x11 ./Generated_Code/Term1.o
 .group         0x00000000        0x8 ./Generated_Code/Vectors.o
 .group         0x00000000        0x8 ./Generated_Code/Vectors.o
 .group         0x00000000        0x8 ./Generated_Code/Vectors.o
 .group         0x00000000        0x8 ./Generated_Code/Vectors.o
 .group         0x00000000        0x8 ./Generated_Code/Vectors.o
 .group         0x00000000        0x8 ./Generated_Code/Vectors.o
 .group         0x00000000        0x8 ./Generated_Code/Vectors.o
 .group         0x00000000        0x8 ./Generated_Code/Vectors.o
 .group         0x00000000        0x8 ./Generated_Code/Vectors.o
 .group         0x00000000        0x8 ./Generated_Code/Vectors.o
 .group         0x00000000        0x8 ./Generated_Code/Vectors.o
 .group         0x00000000        0x8 ./Generated_Code/Vectors.o
 .text          0x00000000        0x0 ./Generated_Code/Vectors.o
 .data          0x00000000        0x0 ./Generated_Code/Vectors.o
 .bss           0x00000000        0x0 ./Generated_Code/Vectors.o
 .debug_macro   0x00000000      0x84a ./Generated_Code/Vectors.o
 .debug_macro   0x00000000       0x16 ./Generated_Code/Vectors.o
 .debug_macro   0x00000000       0x44 ./Generated_Code/Vectors.o
 .debug_macro   0x00000000      0x209 ./Generated_Code/Vectors.o
 .debug_macro   0x00000000     0x165d ./Generated_Code/Vectors.o
 .debug_macro   0x00000000      0x14e ./Generated_Code/Vectors.o
 .debug_macro   0x00000000       0x6a ./Generated_Code/Vectors.o
 .debug_macro   0x00000000     0x9b9f ./Generated_Code/Vectors.o
 .debug_macro   0x00000000       0x94 ./Generated_Code/Vectors.o
 .debug_macro   0x00000000       0x5e ./Generated_Code/Vectors.o
 .debug_macro   0x00000000       0x11 ./Generated_Code/Vectors.o
 .text          0x00000000        0x0 c:/freescale/kds_3.0.0/toolchain/bin/../lib/gcc/arm-none-eabi/4.8.4/../../../../arm-none-eabi/lib/armv7e-m\libg_s.a(lib_a-exit.o)
 .data          0x00000000        0x0 c:/freescale/kds_3.0.0/toolchain/bin/../lib/gcc/arm-none-eabi/4.8.4/../../../../arm-none-eabi/lib/armv7e-m\libg_s.a(lib_a-exit.o)
 .bss           0x00000000        0x0 c:/freescale/kds_3.0.0/toolchain/bin/../lib/gcc/arm-none-eabi/4.8.4/../../../../arm-none-eabi/lib/armv7e-m\libg_s.a(lib_a-exit.o)
 .text          0x00000000        0x0 c:/freescale/kds_3.0.0/toolchain/bin/../lib/gcc/arm-none-eabi/4.8.4/../../../../arm-none-eabi/lib/armv7e-m\libg_s.a(lib_a-impure.o)
 .data          0x00000000        0x0 c:/freescale/kds_3.0.0/toolchain/bin/../lib/gcc/arm-none-eabi/4.8.4/../../../../arm-none-eabi/lib/armv7e-m\libg_s.a(lib_a-impure.o)
 .bss           0x00000000        0x0 c:/freescale/kds_3.0.0/toolchain/bin/../lib/gcc/arm-none-eabi/4.8.4/../../../../arm-none-eabi/lib/armv7e-m\libg_s.a(lib_a-impure.o)
 .data._impure_ptr
                0x00000000        0x4 c:/freescale/kds_3.0.0/toolchain/bin/../lib/gcc/arm-none-eabi/4.8.4/../../../../arm-none-eabi/lib/armv7e-m\libg_s.a(lib_a-impure.o)
 .text          0x00000000        0x0 c:/freescale/kds_3.0.0/toolchain/bin/../lib/gcc/arm-none-eabi/4.8.4/../../../../arm-none-eabi/lib/armv7e-m\libg_s.a(lib_a-init.o)
 .data          0x00000000        0x0 c:/freescale/kds_3.0.0/toolchain/bin/../lib/gcc/arm-none-eabi/4.8.4/../../../../arm-none-eabi/lib/armv7e-m\libg_s.a(lib_a-init.o)
 .bss           0x00000000        0x0 c:/freescale/kds_3.0.0/toolchain/bin/../lib/gcc/arm-none-eabi/4.8.4/../../../../arm-none-eabi/lib/armv7e-m\libg_s.a(lib_a-init.o)
 .text          0x00000000        0x0 c:/freescale/kds_3.0.0/toolchain/bin/../lib/gcc/arm-none-eabi/4.8.4/../../../../arm-none-eabi/lib/armv7e-m\libg_s.a(lib_a-memset.o)
 .data          0x00000000        0x0 c:/freescale/kds_3.0.0/toolchain/bin/../lib/gcc/arm-none-eabi/4.8.4/../../../../arm-none-eabi/lib/armv7e-m\libg_s.a(lib_a-memset.o)
 .bss           0x00000000        0x0 c:/freescale/kds_3.0.0/toolchain/bin/../lib/gcc/arm-none-eabi/4.8.4/../../../../arm-none-eabi/lib/armv7e-m\libg_s.a(lib_a-memset.o)
 .text          0x00000000        0x0 c:/freescale/kds_3.0.0/toolchain/bin/../lib/gcc/arm-none-eabi/4.8.4/../../../../arm-none-eabi/lib/armv7e-m\libnosys.a(_exit.o)
 .data          0x00000000        0x0 c:/freescale/kds_3.0.0/toolchain/bin/../lib/gcc/arm-none-eabi/4.8.4/../../../../arm-none-eabi/lib/armv7e-m\libnosys.a(_exit.o)
 .bss           0x00000000        0x0 c:/freescale/kds_3.0.0/toolchain/bin/../lib/gcc/arm-none-eabi/4.8.4/../../../../arm-none-eabi/lib/armv7e-m\libnosys.a(_exit.o)
 .text          0x00000000        0x0 c:/freescale/kds_3.0.0/toolchain/bin/../lib/gcc/arm-none-eabi/4.8.4/armv7e-m/crtend.o
 .data          0x00000000        0x0 c:/freescale/kds_3.0.0/toolchain/bin/../lib/gcc/arm-none-eabi/4.8.4/armv7e-m/crtend.o
 .bss           0x00000000        0x0 c:/freescale/kds_3.0.0/toolchain/bin/../lib/gcc/arm-none-eabi/4.8.4/armv7e-m/crtend.o
 .eh_frame      0x00000000        0x4 c:/freescale/kds_3.0.0/toolchain/bin/../lib/gcc/arm-none-eabi/4.8.4/armv7e-m/crtend.o
 .jcr           0x00000000        0x4 c:/freescale/kds_3.0.0/toolchain/bin/../lib/gcc/arm-none-eabi/4.8.4/armv7e-m/crtend.o
 .ARM.attributes
                0x00000000       0x2e c:/freescale/kds_3.0.0/toolchain/bin/../lib/gcc/arm-none-eabi/4.8.4/armv7e-m/crtend.o
 .text          0x00000000        0x0 c:/freescale/kds_3.0.0/toolchain/bin/../lib/gcc/arm-none-eabi/4.8.4/armv7e-m/crtn.o
 .data          0x00000000        0x0 c:/freescale/kds_3.0.0/toolchain/bin/../lib/gcc/arm-none-eabi/4.8.4/armv7e-m/crtn.o
 .bss           0x00000000        0x0 c:/freescale/kds_3.0.0/toolchain/bin/../lib/gcc/arm-none-eabi/4.8.4/armv7e-m/crtn.o

Memory Configuration

Name             Origin             Length             Attributes
m_interrupts     0x00000000         0x000000f8         xr
m_text           0x00000410         0x0001fbf0         xr
m_data           0x1fffe000         0x00002000         rw
m_data_20000000  0x20000000         0x00002000         rw
m_cfmprotrom     0x00000400         0x00000010         xr
*default*        0x00000000         0xffffffff

Linker script and memory map

LOAD c:/freescale/kds_3.0.0/toolchain/bin/../lib/gcc/arm-none-eabi/4.8.4/armv7e-m/crti.o
LOAD c:/freescale/kds_3.0.0/toolchain/bin/../lib/gcc/arm-none-eabi/4.8.4/armv7e-m/crtbegin.o
LOAD c:/freescale/kds_3.0.0/toolchain/bin/../lib/gcc/arm-none-eabi/4.8.4/../../../../arm-none-eabi/lib/armv7e-m/crt0.o
LOAD ./Sources/Events.o
LOAD ./Sources/main.o
LOAD ./Project_Settings/Startup_Code/startup.o
LOAD ./Generated_Code/ASerialLdd1.o
LOAD ./Generated_Code/Cpu.o
LOAD ./Generated_Code/Inhr1.o
LOAD ./Generated_Code/PE_LDD.o
LOAD ./Generated_Code/Term1.o
LOAD ./Generated_Code/Vectors.o
LOAD c:/freescale/kds_3.0.0/toolchain/bin/../lib/gcc/arm-none-eabi/4.8.4/../../../../arm-none-eabi/lib/armv7e-m\libstdc++_s.a
LOAD c:/freescale/kds_3.0.0/toolchain/bin/../lib/gcc/arm-none-eabi/4.8.4/../../../../arm-none-eabi/lib/armv7e-m\libm.a
START GROUP
LOAD c:/freescale/kds_3.0.0/toolchain/bin/../lib/gcc/arm-none-eabi/4.8.4/armv7e-m\libgcc.a
LOAD c:/freescale/kds_3.0.0/toolchain/bin/../lib/gcc/arm-none-eabi/4.8.4/../../../../arm-none-eabi/lib/armv7e-m\libg_s.a
LOAD c:/freescale/kds_3.0.0/toolchain/bin/../lib/gcc/arm-none-eabi/4.8.4/../../../../arm-none-eabi/lib/armv7e-m\libc_s.a
END GROUP
START GROUP
LOAD c:/freescale/kds_3.0.0/toolchain/bin/../lib/gcc/arm-none-eabi/4.8.4/armv7e-m\libgcc.a
LOAD c:/freescale/kds_3.0.0/toolchain/bin/../lib/gcc/arm-none-eabi/4.8.4/../../../../arm-none-eabi/lib/armv7e-m\libc_s.a
LOAD c:/freescale/kds_3.0.0/toolchain/bin/../lib/gcc/arm-none-eabi/4.8.4/../../../../arm-none-eabi/lib/armv7e-m\libnosys.a
END GROUP
START GROUP
LOAD c:/freescale/kds_3.0.0/toolchain/bin/../lib/gcc/arm-none-eabi/4.8.4/armv7e-m\libgcc.a
LOAD c:/freescale/kds_3.0.0/toolchain/bin/../lib/gcc/arm-none-eabi/4.8.4/../../../../arm-none-eabi/lib/armv7e-m\libc_s.a
LOAD c:/freescale/kds_3.0.0/toolchain/bin/../lib/gcc/arm-none-eabi/4.8.4/../../../../arm-none-eabi/lib/armv7e-m\libnosys.a
END GROUP
LOAD c:/freescale/kds_3.0.0/toolchain/bin/../lib/gcc/arm-none-eabi/4.8.4/armv7e-m/crtend.o
LOAD c:/freescale/kds_3.0.0/toolchain/bin/../lib/gcc/arm-none-eabi/4.8.4/armv7e-m/crtn.o
                0x20000000                _estack = 0x20000000
                0x20000000                __SP_INIT = _estack
                0x20000000                __stack = _estack
                0x00000000                __heap_size = 0x0
                0x00000400                __stack_size = 0x400

.interrupts     0x00000000       0xf8
                0x00000000                __vector_table = .
                0x00000000                . = ALIGN (0x4)
 *(.vectortable)
 .vectortable   0x00000000       0xf8 ./Generated_Code/Vectors.o
                0x00000000                __vect_table
                0x000000f8                . = ALIGN (0x4)

.cfmprotect     0x00000400       0x10
                0x00000400                . = ALIGN (0x4)
 *(.cfmconfig)
 .cfmconfig     0x00000400       0x10 ./Generated_Code/Cpu.o
                0x00000400                _cfm
                0x00000410                . = ALIGN (0x4)

.text           0x00000410     0x1280
                0x00000410                . = ALIGN (0x4)
 *(.text)
 .text          0x00000410       0x54 c:/freescale/kds_3.0.0/toolchain/bin/../lib/gcc/arm-none-eabi/4.8.4/armv7e-m/crtbegin.o
 .text          0x00000464       0x74 c:/freescale/kds_3.0.0/toolchain/bin/../lib/gcc/arm-none-eabi/4.8.4/../../../../arm-none-eabi/lib/armv7e-m/crt0.o
                0x00000464                _start
                0x00000464                _mainCRTStartup
 *(.text*)
 .text.Cpu_OnNMIINT
                0x000004d8        0xc ./Sources/Events.o
                0x000004d8                Cpu_OnNMIINT
 .text.hor_liner.5868
                0x000004e4       0x44 ./Sources/main.o
 .text.main     0x00000528      0x1f8 ./Sources/main.o
                0x00000528                main
 .text.ver_lined.5875
                0x00000720       0x44 ./Sources/main.o
 .text.hor_linel.5882
                0x00000764       0x44 ./Sources/main.o
 .text.ver_lineu.5889
                0x000007a8       0x44 ./Sources/main.o
 .text.create_box.5896
                0x000007ec       0x3c ./Sources/main.o
 .text.text.5906
                0x00000828       0x54 ./Sources/main.o
 .text.__copy_rom_section
                0x0000087c       0xe4 ./Project_Settings/Startup_Code/startup.o
                0x0000087c                __copy_rom_section
 .text.__copy_rom_sections_to_ram
                0x00000960       0x9c ./Project_Settings/Startup_Code/startup.o
                0x00000960                __copy_rom_sections_to_ram
 .text.__init_registers
                0x000009fc        0xc ./Project_Settings/Startup_Code/startup.o
                0x000009fc                __init_registers
 .text.__init_user
                0x00000a08        0xc ./Project_Settings/Startup_Code/startup.o
                0x00000a08                __init_user
 .text.__thumb_startup
                0x00000a14       0x34 ./Project_Settings/Startup_Code/startup.o
                0x00000a14                __thumb_startup
 .text.ASerialLdd1_Init
                0x00000a48      0x160 ./Generated_Code/ASerialLdd1.o
                0x00000a48                ASerialLdd1_Init
 .text.ASerialLdd1_ReceiveBlock
                0x00000ba8       0x48 ./Generated_Code/ASerialLdd1.o
                0x00000ba8                ASerialLdd1_ReceiveBlock
 .text.ASerialLdd1_SendBlock
                0x00000bf0       0x58 ./Generated_Code/ASerialLdd1.o
                0x00000bf0                ASerialLdd1_SendBlock
 .text.ASerialLdd1_GetReceivedDataNum
                0x00000c48       0x1c ./Generated_Code/ASerialLdd1.o
                0x00000c48                ASerialLdd1_GetReceivedDataNum
 .text.InterruptRx
                0x00000c64       0x50 ./Generated_Code/ASerialLdd1.o
 .text.InterruptTx
                0x00000cb4       0x60 ./Generated_Code/ASerialLdd1.o
 .text.ASerialLdd1_Main
                0x00000d14       0xd8 ./Generated_Code/ASerialLdd1.o
                0x00000d14                ASerialLdd1_Main
 .text.ASerialLdd1_GetError
                0x00000dec       0x2c ./Generated_Code/ASerialLdd1.o
                0x00000dec                ASerialLdd1_GetError
 .text.Cpu_INT_NMIInterrupt
                0x00000e18       0x1c ./Generated_Code/Cpu.o
                0x00000e18                Cpu_INT_NMIInterrupt
 .text.Cpu_Interrupt
                0x00000e34       0x18 ./Generated_Code/Cpu.o
                0x00000e34                Cpu_Interrupt
 .text.__init_hardware
                0x00000e4c      0x11c ./Generated_Code/Cpu.o
                0x00000e4c                __init_hardware
 .text.Cpu_SetBASEPRI
                0x00000f68       0x18 ./Generated_Code/Cpu.o
                0x00000f68                Cpu_SetBASEPRI
 .text.PE_low_level_init
                0x00000f80       0xac ./Generated_Code/Cpu.o
                0x00000f80                PE_low_level_init
 .text.HWEnDi   0x0000102c       0x1c ./Generated_Code/Inhr1.o
 .text.Inhr1_RecvChar
                0x00001048       0x80 ./Generated_Code/Inhr1.o
                0x00001048                Inhr1_RecvChar
 .text.Inhr1_SendChar
                0x000010c8       0x5c ./Generated_Code/Inhr1.o
                0x000010c8                Inhr1_SendChar
 .text.Inhr1_Init
                0x00001124       0x24 ./Generated_Code/Inhr1.o
                0x00001124                Inhr1_Init
 .text.ASerialLdd1_OnBreak
                0x00001148       0x24 ./Generated_Code/Inhr1.o
                0x00001148                ASerialLdd1_OnBreak
 .text.Term1_SendChar
                0x0000116c       0x20 ./Generated_Code/Term1.o
                0x0000116c                Term1_SendChar
 .text.SendESCPrefix
                0x0000118c       0x24 ./Generated_Code/Term1.o
 .text.Term1_SendStr
                0x000011b0       0x34 ./Generated_Code/Term1.o
                0x000011b0                Term1_SendStr
 .text.LongToStr
                0x000011e4       0xf4 ./Generated_Code/Term1.o
 .text.Term1_SendNum
                0x000012d8       0x54 ./Generated_Code/Term1.o
                0x000012d8                Term1_SendNum
 .text.Term1_MoveTo
                0x0000132c       0x44 ./Generated_Code/Term1.o
                0x0000132c                Term1_MoveTo
 .text.Term1_SetColor
                0x00001370       0x64 ./Generated_Code/Term1.o
                0x00001370                Term1_SetColor
 .text.exit     0x000013d4       0x28 c:/freescale/kds_3.0.0/toolchain/bin/../lib/gcc/arm-none-eabi/4.8.4/../../../../arm-none-eabi/lib/armv7e-m\libg_s.a(lib_a-exit.o)
                0x000013d4                exit
 .text.__libc_init_array
                0x000013fc       0x4c c:/freescale/kds_3.0.0/toolchain/bin/../lib/gcc/arm-none-eabi/4.8.4/../../../../arm-none-eabi/lib/armv7e-m\libg_s.a(lib_a-init.o)
                0x000013fc                __libc_init_array
 .text.memset   0x00001448       0x10 c:/freescale/kds_3.0.0/toolchain/bin/../lib/gcc/arm-none-eabi/4.8.4/../../../../arm-none-eabi/lib/armv7e-m\libg_s.a(lib_a-memset.o)
                0x00001448                memset
 .text._exit    0x00001458        0x4 c:/freescale/kds_3.0.0/toolchain/bin/../lib/gcc/arm-none-eabi/4.8.4/../../../../arm-none-eabi/lib/armv7e-m\libnosys.a(_exit.o)
                0x00001458                _exit
 *(.rodata)
 .rodata        0x0000145c      0x214 ./Sources/main.o
 *(.rodata*)
 .rodata.str1.1
                0x00001670        0x2 c:/freescale/kds_3.0.0/toolchain/bin/../lib/gcc/arm-none-eabi/4.8.4/../../../../arm-none-eabi/lib/armv7e-m\libg_s.a(lib_a-impure.o)
 *fill*         0x00001672        0x2 
 .rodata._global_impure_ptr
                0x00001674        0x4 c:/freescale/kds_3.0.0/toolchain/bin/../lib/gcc/arm-none-eabi/4.8.4/../../../../arm-none-eabi/lib/armv7e-m\libg_s.a(lib_a-impure.o)
                0x00001674                _global_impure_ptr
 *(.glue_7)
 .glue_7        0x00000000        0x0 linker stubs
 *(.glue_7t)
 .glue_7t       0x00000000        0x0 linker stubs
 *(.eh_frame)
 .eh_frame      0x00001678        0x0 c:/freescale/kds_3.0.0/toolchain/bin/../lib/gcc/arm-none-eabi/4.8.4/armv7e-m/crtbegin.o
 *(.init)
 .init          0x00001678        0x4 c:/freescale/kds_3.0.0/toolchain/bin/../lib/gcc/arm-none-eabi/4.8.4/armv7e-m/crti.o
                0x00001678                _init
 .init          0x0000167c        0x8 c:/freescale/kds_3.0.0/toolchain/bin/../lib/gcc/arm-none-eabi/4.8.4/armv7e-m/crtn.o
 *(.fini)
 .fini          0x00001684        0x4 c:/freescale/kds_3.0.0/toolchain/bin/../lib/gcc/arm-none-eabi/4.8.4/armv7e-m/crti.o
                0x00001684                _fini
 .fini          0x00001688        0x8 c:/freescale/kds_3.0.0/toolchain/bin/../lib/gcc/arm-none-eabi/4.8.4/armv7e-m/crtn.o
                0x00001690                . = ALIGN (0x4)
                0x00001690                _etext = .

.vfp11_veneer   0x00001690        0x0
 .vfp11_veneer  0x00000000        0x0 linker stubs

.v4_bx          0x00001690        0x0
 .v4_bx         0x00000000        0x0 linker stubs

.iplt           0x00001690        0x0
 .iplt          0x00000000        0x0 c:/freescale/kds_3.0.0/toolchain/bin/../lib/gcc/arm-none-eabi/4.8.4/armv7e-m/crtbegin.o

.ARM.extab
 *(.ARM.extab* .gnu.linkonce.armextab.*)

.ARM            0x00001690        0x8
                0x00001690                __exidx_start = .
 *(.ARM.exidx*)
 .ARM.exidx     0x00001690        0x8 c:/freescale/kds_3.0.0/toolchain/bin/../lib/gcc/arm-none-eabi/4.8.4/../../../../arm-none-eabi/lib/armv7e-m/crt0.o
                0x00001698                __exidx_end = .

.rel.dyn        0x00001698        0x0
 .rel.iplt      0x00000000        0x0 c:/freescale/kds_3.0.0/toolchain/bin/../lib/gcc/arm-none-eabi/4.8.4/armv7e-m/crtbegin.o

.ctors          0x00001698        0x0
                0x00001698                __CTOR_LIST__ = .
 *crtbegin.o(.ctors)
 *(EXCLUDE_FILE(*crtend.o) .ctors)
 *(SORT(.ctors.*))
 *(.ctors)
                0x00001698                __CTOR_END__ = .

.dtors          0x00001698        0x0
                0x00001698                __DTOR_LIST__ = .
 *crtbegin.o(.dtors)
 *(EXCLUDE_FILE(*crtend.o) .dtors)
 *(SORT(.dtors.*))
 *(.dtors)
                0x00001698                __DTOR_END__ = .

.preinit_array  0x00001698        0x0
                0x00001698                PROVIDE (__preinit_array_start, .)
 *(.preinit_array*)
                0x00001698                PROVIDE (__preinit_array_end, .)

.init_array     0x00001698        0x4
                0x00001698                PROVIDE (__init_array_start, .)
 *(SORT(.init_array.*))
 *(.init_array*)
 .init_array    0x00001698        0x4 c:/freescale/kds_3.0.0/toolchain/bin/../lib/gcc/arm-none-eabi/4.8.4/armv7e-m/crtbegin.o
                0x0000169c                PROVIDE (__init_array_end, .)

.fini_array     0x0000169c        0x4
                0x0000169c                PROVIDE (__fini_array_start, .)
 *(SORT(.fini_array.*))
 *(.fini_array*)
 .fini_array    0x0000169c        0x4 c:/freescale/kds_3.0.0/toolchain/bin/../lib/gcc/arm-none-eabi/4.8.4/armv7e-m/crtbegin.o
                0x000016a0                PROVIDE (__fini_array_end, .)
                0x000016a0                ___ROM_AT = .

.data           0x1fffe000       0x60 load address 0x000016a0
                0x1fffe000                . = ALIGN (0x4)
                0x1fffe000                _sdata = .
 *(.data)
 *(.data*)
 .data.impure_data
                0x1fffe000       0x60 c:/freescale/kds_3.0.0/toolchain/bin/../lib/gcc/arm-none-eabi/4.8.4/../../../../arm-none-eabi/lib/armv7e-m\libg_s.a(lib_a-impure.o)
                0x1fffe060                . = ALIGN (0x4)
                0x1fffe060                _edata = .
                0x00000060                ___data_size = (_edata - _sdata)
                0x00001700                ___m_data_20000000_ROMStart = (___ROM_AT + SIZEOF (.data))

.jcr            0x1fffe060        0x0 load address 0x00001700
 .jcr           0x1fffe060        0x0 c:/freescale/kds_3.0.0/toolchain/bin/../lib/gcc/arm-none-eabi/4.8.4/armv7e-m/crtbegin.o

.igot.plt       0x1fffe060        0x0 load address 0x00001700
 .igot.plt      0x00000000        0x0 c:/freescale/kds_3.0.0/toolchain/bin/../lib/gcc/arm-none-eabi/4.8.4/armv7e-m/crtbegin.o

.m_data_20000000
                0x20000000        0x0 load address 0x00001700
                0x20000000                . = ALIGN (0x4)
                0x20000000                ___m_data_20000000_RAMStart = .
 *(.m_data_20000000)
                0x20000000                ___m_data_20000000_RAMEnd = .
                0x20000000                . = ALIGN (0x4)
                0x00000000                ___m_data_20000000_ROMSize = (___m_data_20000000_RAMEnd - ___m_data_20000000_RAMStart)
                0x20000000                . = ALIGN (0x4)

.bss            0x1fffe060       0x48 load address 0x00001700
                0x1fffe060                __START_BSS = .
                0x1fffe060                PROVIDE (__bss_start__, __START_BSS)
 *(.bss)
 .bss           0x1fffe060       0x1c c:/freescale/kds_3.0.0/toolchain/bin/../lib/gcc/arm-none-eabi/4.8.4/armv7e-m/crtbegin.o
 *(.bss*)
 .bss.DeviceDataPrv__DEFAULT_RTOS_ALLOC
                0x1fffe07c       0x20 ./Generated_Code/ASerialLdd1.o
 .bss.SerFlag   0x1fffe09c        0x2 ./Generated_Code/Inhr1.o
 .bss.BufferRead
                0x1fffe09e        0x1 ./Generated_Code/Inhr1.o
 .bss.OutBuffer
                0x1fffe09f        0x1 ./Generated_Code/Inhr1.o
 .bss.PE_LDD_DeviceDataList
                0x1fffe0a0        0x4 ./Generated_Code/PE_LDD.o
                0x1fffe0a0                PE_LDD_DeviceDataList
 *(COMMON)
 COMMON         0x1fffe0a4        0x4 ./Generated_Code/Inhr1.o
                0x1fffe0a4                ASerialLdd1_DeviceDataPtr
                0x1fffe0a8                . = ALIGN (0x4)
                0x1fffe0a8                __END_BSS = .
                0x1fffe0a8                PROVIDE (__bss_end__, __END_BSS)
                0x00001700                _romp_at = ((___ROM_AT + SIZEOF (.data)) + SIZEOF (.m_data_20000000))

.romp           0x1fffe0a8       0x24 load address 0x00001700
                0x00001700                __S_romp = _romp_at
                0x1fffe0a8        0x4 LONG 0x16a0 ___ROM_AT
                0x1fffe0ac        0x4 LONG 0x1fffe000 _sdata
                0x1fffe0b0        0x4 LONG 0x60 ___data_size
                0x1fffe0b4        0x4 LONG 0x1700 ___m_data_20000000_ROMStart
                0x1fffe0b8        0x4 LONG 0x20000000 ___m_data_20000000_RAMStart
                0x1fffe0bc        0x4 LONG 0x0 ___m_data_20000000_ROMSize
                0x1fffe0c0        0x4 LONG 0x0
                0x1fffe0c4        0x4 LONG 0x0
                0x1fffe0c8        0x4 LONG 0x0

._user_heap_stack
                0x1fffe0cc      0x400 load address 0x00001724
                0x1fffe0cc                . = ALIGN (0x4)
                0x1fffe0cc                PROVIDE (end, .)
                0x1fffe0cc                PROVIDE (_end, .)
                0x1fffe0cc                __heap_addr = .
                0x1fffe0cc                __HeapBase = .
                0x1fffe0cc                . = (. + __heap_size)
                0x1fffe0cc                __HeapLimit = .
                0x1fffe4cc                . = (. + __stack_size)
 *fill*         0x1fffe0cc      0x400 
                0x1fffe4cc                . = ALIGN (0x4)

.ARM.attributes
                0x00000000       0x2a
 *(.ARM.attributes)
 .ARM.attributes
                0x00000000       0x1e c:/freescale/kds_3.0.0/toolchain/bin/../lib/gcc/arm-none-eabi/4.8.4/armv7e-m/crti.o
 .ARM.attributes
                0x0000001e       0x2e c:/freescale/kds_3.0.0/toolchain/bin/../lib/gcc/arm-none-eabi/4.8.4/armv7e-m/crtbegin.o
 .ARM.attributes
                0x0000004c       0x1c c:/freescale/kds_3.0.0/toolchain/bin/../lib/gcc/arm-none-eabi/4.8.4/../../../../arm-none-eabi/lib/armv7e-m/crt0.o
 .ARM.attributes
                0x00000068       0x33 ./Sources/Events.o
 .ARM.attributes
                0x0000009b       0x33 ./Sources/main.o
 .ARM.attributes
                0x000000ce       0x33 ./Project_Settings/Startup_Code/startup.o
 .ARM.attributes
                0x00000101       0x33 ./Generated_Code/ASerialLdd1.o
 .ARM.attributes
                0x00000134       0x33 ./Generated_Code/Cpu.o
 .ARM.attributes
                0x00000167       0x33 ./Generated_Code/Inhr1.o
 .ARM.attributes
                0x0000019a       0x33 ./Generated_Code/PE_LDD.o
 .ARM.attributes
                0x000001cd       0x33 ./Generated_Code/Term1.o
 .ARM.attributes
                0x00000200       0x33 ./Generated_Code/Vectors.o
 .ARM.attributes
                0x00000233       0x2e c:/freescale/kds_3.0.0/toolchain/bin/../lib/gcc/arm-none-eabi/4.8.4/../../../../arm-none-eabi/lib/armv7e-m\libg_s.a(lib_a-exit.o)
 .ARM.attributes
                0x00000261       0x2e c:/freescale/kds_3.0.0/toolchain/bin/../lib/gcc/arm-none-eabi/4.8.4/../../../../arm-none-eabi/lib/armv7e-m\libg_s.a(lib_a-impure.o)
 .ARM.attributes
                0x0000028f       0x2e c:/freescale/kds_3.0.0/toolchain/bin/../lib/gcc/arm-none-eabi/4.8.4/../../../../arm-none-eabi/lib/armv7e-m\libg_s.a(lib_a-init.o)
 .ARM.attributes
                0x000002bd       0x2e c:/freescale/kds_3.0.0/toolchain/bin/../lib/gcc/arm-none-eabi/4.8.4/../../../../arm-none-eabi/lib/armv7e-m\libg_s.a(lib_a-memset.o)
 .ARM.attributes
                0x000002eb       0x2e c:/freescale/kds_3.0.0/toolchain/bin/../lib/gcc/arm-none-eabi/4.8.4/../../../../arm-none-eabi/lib/armv7e-m\libnosys.a(_exit.o)
 .ARM.attributes
                0x00000319       0x1e c:/freescale/kds_3.0.0/toolchain/bin/../lib/gcc/arm-none-eabi/4.8.4/armv7e-m/crtn.o
OUTPUT(Assignment 2.elf elf32-littlearm)

.debug_info     0x00000000     0x20b4
 .debug_info    0x00000000       0x96 ./Sources/Events.o
 .debug_info    0x00000096      0x299 ./Sources/main.o
 .debug_info    0x0000032f      0x20a ./Project_Settings/Startup_Code/startup.o
 .debug_info    0x00000539      0x939 ./Generated_Code/ASerialLdd1.o
 .debug_info    0x00000e72      0x9e9 ./Generated_Code/Cpu.o
 .debug_info    0x0000185b      0x20b ./Generated_Code/Inhr1.o
 .debug_info    0x00001a66      0x251 ./Generated_Code/PE_LDD.o
 .debug_info    0x00001cb7      0x2ef ./Generated_Code/Term1.o
 .debug_info    0x00001fa6      0x10e ./Generated_Code/Vectors.o

.debug_abbrev   0x00000000      0x964
 .debug_abbrev  0x00000000       0x45 ./Sources/Events.o
 .debug_abbrev  0x00000045       0x9c ./Sources/main.o
 .debug_abbrev  0x000000e1      0x11e ./Project_Settings/Startup_Code/startup.o
 .debug_abbrev  0x000001ff      0x1c3 ./Generated_Code/ASerialLdd1.o
 .debug_abbrev  0x000003c2      0x178 ./Generated_Code/Cpu.o
 .debug_abbrev  0x0000053a      0x117 ./Generated_Code/Inhr1.o
 .debug_abbrev  0x00000651      0x10d ./Generated_Code/PE_LDD.o
 .debug_abbrev  0x0000075e      0x162 ./Generated_Code/Term1.o
 .debug_abbrev  0x000008c0       0xa4 ./Generated_Code/Vectors.o

.debug_aranges  0x00000000      0x258
 .debug_aranges
                0x00000000       0x20 ./Sources/Events.o
 .debug_aranges
                0x00000020       0x50 ./Sources/main.o
 .debug_aranges
                0x00000070       0x50 ./Project_Settings/Startup_Code/startup.o
 .debug_aranges
                0x000000c0       0x58 ./Generated_Code/ASerialLdd1.o
 .debug_aranges
                0x00000118       0x40 ./Generated_Code/Cpu.o
 .debug_aranges
                0x00000158       0x48 ./Generated_Code/Inhr1.o
 .debug_aranges
                0x000001a0       0x30 ./Generated_Code/PE_LDD.o
 .debug_aranges
                0x000001d0       0x70 ./Generated_Code/Term1.o
 .debug_aranges
                0x00000240       0x18 ./Generated_Code/Vectors.o

.debug_ranges   0x00000000      0x1c0
 .debug_ranges  0x00000000       0x10 ./Sources/Events.o
 .debug_ranges  0x00000010       0x40 ./Sources/main.o
 .debug_ranges  0x00000050       0x40 ./Project_Settings/Startup_Code/startup.o
 .debug_ranges  0x00000090       0x48 ./Generated_Code/ASerialLdd1.o
 .debug_ranges  0x000000d8       0x30 ./Generated_Code/Cpu.o
 .debug_ranges  0x00000108       0x38 ./Generated_Code/Inhr1.o
 .debug_ranges  0x00000140       0x20 ./Generated_Code/PE_LDD.o
 .debug_ranges  0x00000160       0x60 ./Generated_Code/Term1.o

.debug_macro    0x00000000    0x18009
 .debug_macro   0x00000000       0xce ./Sources/Events.o
 .debug_macro   0x000000ce      0x84a ./Sources/Events.o
 .debug_macro   0x00000918       0x16 ./Sources/Events.o
 .debug_macro   0x0000092e       0x44 ./Sources/Events.o
 .debug_macro   0x00000972      0x209 ./Sources/Events.o
 .debug_macro   0x00000b7b     0x165d ./Sources/Events.o
 .debug_macro   0x000021d8      0x14e ./Sources/Events.o
 .debug_macro   0x00002326       0x6a ./Sources/Events.o
 .debug_macro   0x00002390     0x9b9f ./Sources/Events.o
 .debug_macro   0x0000bf2f       0x94 ./Sources/Events.o
 .debug_macro   0x0000bfc3       0x34 ./Sources/Events.o
 .debug_macro   0x0000bff7       0x5e ./Sources/Events.o
 .debug_macro   0x0000c055       0x11 ./Sources/Events.o
 .debug_macro   0x0000c066       0xce ./Sources/main.o
 .debug_macro   0x0000c134      0x121 ./Project_Settings/Startup_Code/startup.o
 .debug_macro   0x0000c255       0x58 ./Project_Settings/Startup_Code/startup.o
 .debug_macro   0x0000c2ad       0x35 ./Project_Settings/Startup_Code/startup.o
 .debug_macro   0x0000c2e2       0xa3 ./Project_Settings/Startup_Code/startup.o
 .debug_macro   0x0000c385      0x166 ./Project_Settings/Startup_Code/startup.o
 .debug_macro   0x0000c4eb       0x4a ./Project_Settings/Startup_Code/startup.o
 .debug_macro   0x0000c535       0x52 ./Project_Settings/Startup_Code/startup.o
 .debug_macro   0x0000c587       0x16 ./Project_Settings/Startup_Code/startup.o
 .debug_macro   0x0000c59d       0x43 ./Project_Settings/Startup_Code/startup.o
 .debug_macro   0x0000c5e0      0x180 ./Project_Settings/Startup_Code/startup.o
 .debug_macro   0x0000c760      0x2a6 ./Project_Settings/Startup_Code/startup.o
 .debug_macro   0x0000ca06       0x10 ./Project_Settings/Startup_Code/startup.o
 .debug_macro   0x0000ca16       0x35 ./Project_Settings/Startup_Code/startup.o
 .debug_macro   0x0000ca4b       0x16 ./Project_Settings/Startup_Code/startup.o
 .debug_macro   0x0000ca61       0x22 ./Project_Settings/Startup_Code/startup.o
 .debug_macro   0x0000ca83       0x10 ./Project_Settings/Startup_Code/startup.o
 .debug_macro   0x0000ca93      0x20f ./Project_Settings/Startup_Code/startup.o
 .debug_macro   0x0000cca2     0x9b93 ./Project_Settings/Startup_Code/startup.o
 .debug_macro   0x00016835       0xc5 ./Generated_Code/ASerialLdd1.o
 .debug_macro   0x000168fa       0x58 ./Generated_Code/ASerialLdd1.o
 .debug_macro   0x00016952       0x17 ./Generated_Code/ASerialLdd1.o
 .debug_macro   0x00016969       0x94 ./Generated_Code/ASerialLdd1.o
 .debug_macro   0x000169fd      0x7ab ./Generated_Code/ASerialLdd1.o
 .debug_macro   0x000171a8      0x9b1 ./Generated_Code/ASerialLdd1.o
 .debug_macro   0x00017b59       0xcf ./Generated_Code/Cpu.o
 .debug_macro   0x00017c28       0x9a ./Generated_Code/Cpu.o
 .debug_macro   0x00017cc2       0xdf ./Generated_Code/Inhr1.o
 .debug_macro   0x00017da1       0xb0 ./Generated_Code/PE_LDD.o
 .debug_macro   0x00017e51       0xb2 ./Generated_Code/Term1.o
 .debug_macro   0x00017f03       0xcc ./Generated_Code/Vectors.o
 .debug_macro   0x00017fcf       0x3a ./Generated_Code/Vectors.o

.debug_line     0x00000000     0x1ba6
 .debug_line    0x00000000      0x25c ./Sources/Events.o
 .debug_line    0x0000025c      0x359 ./Sources/main.o
 .debug_line    0x000005b5      0x3c6 ./Project_Settings/Startup_Code/startup.o
 .debug_line    0x0000097b      0x356 ./Generated_Code/ASerialLdd1.o
 .debug_line    0x00000cd1      0x35f ./Generated_Code/Cpu.o
 .debug_line    0x00001030      0x288 ./Generated_Code/Inhr1.o
 .debug_line    0x000012b8      0x262 ./Generated_Code/PE_LDD.o
 .debug_line    0x0000151a      0x3af ./Generated_Code/Term1.o
 .debug_line    0x000018c9      0x2dd ./Generated_Code/Vectors.o

.debug_str      0x00000000    0x5073c
 .debug_str     0x00000000    0x3ee09 ./Sources/Events.o
                              0x3ef53 (size before relaxing)
 .debug_str     0x0003ee09       0x6d ./Sources/main.o
                              0x3ef9f (size before relaxing)
 .debug_str     0x0003ee76     0x25f6 ./Project_Settings/Startup_Code/startup.o
                              0x3a1cc (size before relaxing)
 .debug_str     0x0004146c     0xec30 ./Generated_Code/ASerialLdd1.o
                              0x4db26 (size before relaxing)
 .debug_str     0x0005009c      0x293 ./Generated_Code/Cpu.o
                              0x3f310 (size before relaxing)
 .debug_str     0x0005032f      0x17f ./Generated_Code/Inhr1.o
                              0x3f0a4 (size before relaxing)
 .debug_str     0x000504ae      0x183 ./Generated_Code/PE_LDD.o
                              0x3f108 (size before relaxing)
 .debug_str     0x00050631       0xef ./Generated_Code/Term1.o
                              0x3f063 (size before relaxing)
 .debug_str     0x00050720       0x1c ./Generated_Code/Vectors.o
                              0x3ef9b (size before relaxing)

.comment        0x00000000       0x70
 .comment       0x00000000       0x70 ./Sources/Events.o
                                 0x71 (size before relaxing)
 .comment       0x00000000       0x71 ./Sources/main.o
 .comment       0x00000000       0x71 ./Project_Settings/Startup_Code/startup.o
 .comment       0x00000000       0x71 ./Generated_Code/ASerialLdd1.o
 .comment       0x00000000       0x71 ./Generated_Code/Cpu.o
 .comment       0x00000000       0x71 ./Generated_Code/Inhr1.o
 .comment       0x00000000       0x71 ./Generated_Code/PE_LDD.o
 .comment       0x00000000       0x71 ./Generated_Code/Term1.o
 .comment       0x00000000       0x71 ./Generated_Code/Vectors.o

.debug_frame    0x00000000      0x690
 .debug_frame   0x00000000       0x28 ./Sources/Events.o
 .debug_frame   0x00000028       0xf0 ./Sources/main.o
 .debug_frame   0x00000118       0xc0 ./Project_Settings/Startup_Code/startup.o
 .debug_frame   0x000001d8      0x100 ./Generated_Code/ASerialLdd1.o
 .debug_frame   0x000002d8       0xa4 ./Generated_Code/Cpu.o
 .debug_frame   0x0000037c       0xc0 ./Generated_Code/Inhr1.o
 .debug_frame   0x0000043c       0x64 ./Generated_Code/PE_LDD.o
 .debug_frame   0x000004a0      0x15c ./Generated_Code/Term1.o
 .debug_frame   0x000005fc       0x28 c:/freescale/kds_3.0.0/toolchain/bin/../lib/gcc/arm-none-eabi/4.8.4/../../../../arm-none-eabi/lib/armv7e-m\libg_s.a(lib_a-exit.o)
 .debug_frame   0x00000624       0x2c c:/freescale/kds_3.0.0/toolchain/bin/../lib/gcc/arm-none-eabi/4.8.4/../../../../arm-none-eabi/lib/armv7e-m\libg_s.a(lib_a-init.o)
 .debug_frame   0x00000650       0x20 c:/freescale/kds_3.0.0/toolchain/bin/../lib/gcc/arm-none-eabi/4.8.4/../../../../arm-none-eabi/lib/armv7e-m\libg_s.a(lib_a-memset.o)
 .debug_frame   0x00000670       0x20 c:/freescale/kds_3.0.0/toolchain/bin/../lib/gcc/arm-none-eabi/4.8.4/../../../../arm-none-eabi/lib/armv7e-m\libnosys.a(_exit.o)
