Archive member included because of file (symbol)

c:/freescale/kds_v3/toolchain/bin/../lib/gcc/arm-none-eabi/4.8.4/armv7e-m\libgcc.a(_arm_addsubsf3.o)
                              ./Generated_Code/PwmLdd1.o (__aeabi_i2f)
c:/freescale/kds_v3/toolchain/bin/../lib/gcc/arm-none-eabi/4.8.4/armv7e-m\libgcc.a(_arm_muldivsf3.o)
                              ./Generated_Code/PwmLdd1.o (__aeabi_fmul)
c:/freescale/kds_v3/toolchain/bin/../lib/gcc/arm-none-eabi/4.8.4/armv7e-m\libgcc.a(_arm_cmpsf2.o)
                              ./Generated_Code/PwmLdd1.o (__aeabi_fcmpgt)
c:/freescale/kds_v3/toolchain/bin/../lib/gcc/arm-none-eabi/4.8.4/armv7e-m\libgcc.a(_arm_fixunssfsi.o)
                              ./Generated_Code/PwmLdd1.o (__aeabi_f2uiz)
c:/freescale/kds_v3/toolchain/bin/../lib/gcc/arm-none-eabi/4.8.4/../../../../arm-none-eabi/lib/armv7e-m\libg_s.a(lib_a-exit.o)
                              c:/freescale/kds_v3/toolchain/bin/../lib/gcc/arm-none-eabi/4.8.4/../../../../arm-none-eabi/lib/armv7e-m/crt0.o (exit)
c:/freescale/kds_v3/toolchain/bin/../lib/gcc/arm-none-eabi/4.8.4/../../../../arm-none-eabi/lib/armv7e-m\libg_s.a(lib_a-impure.o)
                              c:/freescale/kds_v3/toolchain/bin/../lib/gcc/arm-none-eabi/4.8.4/../../../../arm-none-eabi/lib/armv7e-m\libg_s.a(lib_a-exit.o) (_global_impure_ptr)
c:/freescale/kds_v3/toolchain/bin/../lib/gcc/arm-none-eabi/4.8.4/../../../../arm-none-eabi/lib/armv7e-m\libg_s.a(lib_a-init.o)
                              c:/freescale/kds_v3/toolchain/bin/../lib/gcc/arm-none-eabi/4.8.4/../../../../arm-none-eabi/lib/armv7e-m/crt0.o (__libc_init_array)
c:/freescale/kds_v3/toolchain/bin/../lib/gcc/arm-none-eabi/4.8.4/../../../../arm-none-eabi/lib/armv7e-m\libg_s.a(lib_a-memset.o)
                              c:/freescale/kds_v3/toolchain/bin/../lib/gcc/arm-none-eabi/4.8.4/../../../../arm-none-eabi/lib/armv7e-m/crt0.o (memset)
c:/freescale/kds_v3/toolchain/bin/../lib/gcc/arm-none-eabi/4.8.4/../../../../arm-none-eabi/lib/armv7e-m\libnosys.a(_exit.o)
                              c:/freescale/kds_v3/toolchain/bin/../lib/gcc/arm-none-eabi/4.8.4/../../../../arm-none-eabi/lib/armv7e-m\libg_s.a(lib_a-exit.o) (_exit)

Allocating common symbols
Common symbol       size              file

ASerialLdd1_DeviceDataPtr
                    0x4               ./Generated_Code/Inhr1.o
SR_reg              0x1               ./Generated_Code/Cpu.o

Discarded input sections

 .text          0x00000000        0x0 c:/freescale/kds_v3/toolchain/bin/../lib/gcc/arm-none-eabi/4.8.4/armv7e-m/crti.o
 .data          0x00000000        0x0 c:/freescale/kds_v3/toolchain/bin/../lib/gcc/arm-none-eabi/4.8.4/armv7e-m/crti.o
 .bss           0x00000000        0x0 c:/freescale/kds_v3/toolchain/bin/../lib/gcc/arm-none-eabi/4.8.4/armv7e-m/crti.o
 .data          0x00000000        0x4 c:/freescale/kds_v3/toolchain/bin/../lib/gcc/arm-none-eabi/4.8.4/armv7e-m/crtbegin.o
 .data          0x00000000        0x0 c:/freescale/kds_v3/toolchain/bin/../lib/gcc/arm-none-eabi/4.8.4/../../../../arm-none-eabi/lib/armv7e-m/crt0.o
 .bss           0x00000000        0x0 c:/freescale/kds_v3/toolchain/bin/../lib/gcc/arm-none-eabi/4.8.4/../../../../arm-none-eabi/lib/armv7e-m/crt0.o
 .ARM.extab     0x00000000        0x0 c:/freescale/kds_v3/toolchain/bin/../lib/gcc/arm-none-eabi/4.8.4/../../../../arm-none-eabi/lib/armv7e-m/crt0.o
 .group         0x00000000        0x8 ./Sources/Display.o
 .group         0x00000000        0x8 ./Sources/Display.o
 .group         0x00000000        0x8 ./Sources/Display.o
 .group         0x00000000        0x8 ./Sources/Display.o
 .group         0x00000000        0x8 ./Sources/Display.o
 .group         0x00000000        0x8 ./Sources/Display.o
 .group         0x00000000        0x8 ./Sources/Display.o
 .group         0x00000000        0x8 ./Sources/Display.o
 .group         0x00000000        0x8 ./Sources/Display.o
 .group         0x00000000        0x8 ./Sources/Display.o
 .group         0x00000000        0x8 ./Sources/Display.o
 .text          0x00000000        0x0 ./Sources/Display.o
 .data          0x00000000        0x0 ./Sources/Display.o
 .bss           0x00000000        0x0 ./Sources/Display.o
 .group         0x00000000        0x8 ./Sources/Events.o
 .group         0x00000000        0x8 ./Sources/Events.o
 .group         0x00000000        0x8 ./Sources/Events.o
 .group         0x00000000        0x8 ./Sources/Events.o
 .group         0x00000000        0x8 ./Sources/Events.o
 .group         0x00000000        0x8 ./Sources/Events.o
 .group         0x00000000        0x8 ./Sources/Events.o
 .group         0x00000000        0x8 ./Sources/Events.o
 .group         0x00000000        0x8 ./Sources/Events.o
 .group         0x00000000        0x8 ./Sources/Events.o
 .group         0x00000000        0x8 ./Sources/Events.o
 .group         0x00000000        0x8 ./Sources/Events.o
 .group         0x00000000        0x8 ./Sources/Events.o
 .group         0x00000000        0x8 ./Sources/Events.o
[...]
Memory Configuration

Name             Origin             Length             Attributes
m_interrupts     0x00000000         0x000000f8         xr
m_text           0x00000410         0x0001fbf0         xr
m_data           0x1fffe000         0x00002000         rw
m_data_20000000  0x20000000         0x00002000         rw
m_cfmprotrom     0x00000400         0x00000010         xr
*default*        0x00000000         0xffffffff

Linker script and memory map

LOAD c:/freescale/kds_v3/toolchain/bin/../lib/gcc/arm-none-eabi/4.8.4/armv7e-m/crti.o
LOAD c:/freescale/kds_v3/toolchain/bin/../lib/gcc/arm-none-eabi/4.8.4/armv7e-m/crtbegin.o
LOAD c:/freescale/kds_v3/toolchain/bin/../lib/gcc/arm-none-eabi/4.8.4/../../../../arm-none-eabi/lib/armv7e-m/crt0.o
LOAD ./Sources/Display.o
LOAD ./Sources/Events.o
LOAD ./Sources/main.o
LOAD ./Project_Settings/Startup_Code/startup.o
LOAD ./Generated_Code/ASerialLdd1.o
LOAD ./Generated_Code/BitIoLdd1.o
LOAD ./Generated_Code/BitIoLdd2.o
LOAD ./Generated_Code/BitIoLdd3.o
LOAD ./Generated_Code/Cpu.o
LOAD ./Generated_Code/Inhr1.o
LOAD ./Generated_Code/PE_LDD.o
LOAD ./Generated_Code/PwmLdd1.o
LOAD ./Generated_Code/PwmLdd2.o
LOAD ./Generated_Code/PwmLdd3.o
LOAD ./Generated_Code/PwmLdd4.o
LOAD ./Generated_Code/SpindleSpeed.o
LOAD ./Generated_Code/TU1.o
LOAD ./Generated_Code/Term1.o
LOAD ./Generated_Code/Vectors.o
LOAD ./Generated_Code/XDirection.o
LOAD ./Generated_Code/XStepper.o
LOAD ./Generated_Code/YDirection.o
LOAD ./Generated_Code/YStepper.o
LOAD ./Generated_Code/ZDirection.o
LOAD ./Generated_Code/ZStepper.o
LOAD c:/freescale/kds_v3/toolchain/bin/../lib/gcc/arm-none-eabi/4.8.4/../../../../arm-none-eabi/lib/armv7e-m\libstdc++_s.a
LOAD c:/freescale/kds_v3/toolchain/bin/../lib/gcc/arm-none-eabi/4.8.4/../../../../arm-none-eabi/lib/armv7e-m\libm.a
START GROUP
LOAD c:/freescale/kds_v3/toolchain/bin/../lib/gcc/arm-none-eabi/4.8.4/armv7e-m\libgcc.a
LOAD c:/freescale/kds_v3/toolchain/bin/../lib/gcc/arm-none-eabi/4.8.4/../../../../arm-none-eabi/lib/armv7e-m\libg_s.a
LOAD c:/freescale/kds_v3/toolchain/bin/../lib/gcc/arm-none-eabi/4.8.4/../../../../arm-none-eabi/lib/armv7e-m\libc_s.a
END GROUP
START GROUP
LOAD c:/freescale/kds_v3/toolchain/bin/../lib/gcc/arm-none-eabi/4.8.4/armv7e-m\libgcc.a
LOAD c:/freescale/kds_v3/toolchain/bin/../lib/gcc/arm-none-eabi/4.8.4/../../../../arm-none-eabi/lib/armv7e-m\libc_s.a
LOAD c:/freescale/kds_v3/toolchain/bin/../lib/gcc/arm-none-eabi/4.8.4/../../../../arm-none-eabi/lib/armv7e-m\libnosys.a
END GROUP
START GROUP
LOAD c:/freescale/kds_v3/toolchain/bin/../lib/gcc/arm-none-eabi/4.8.4/armv7e-m\libgcc.a
LOAD c:/freescale/kds_v3/toolchain/bin/../lib/gcc/arm-none-eabi/4.8.4/../../../../arm-none-eabi/lib/armv7e-m\libc_s.a
LOAD c:/freescale/kds_v3/toolchain/bin/../lib/gcc/arm-none-eabi/4.8.4/../../../../arm-none-eabi/lib/armv7e-m\libnosys.a
END GROUP
LOAD c:/freescale/kds_v3/toolchain/bin/../lib/gcc/arm-none-eabi/4.8.4/armv7e-m/crtend.o
LOAD c:/freescale/kds_v3/toolchain/bin/../lib/gcc/arm-none-eabi/4.8.4/armv7e-m/crtn.o
                0x20000000                _estack = 0x20000000
                0x20000000                __SP_INIT = _estack
                0x20000000                __stack = _estack
                0x00000000                __heap_size = 0x0
                0x00000400                __stack_size = 0x400

.interrupts     0x00000000       0xf8
                0x00000000                __vector_table = .
                0x00000000                . = ALIGN (0x4)
 *(.vectortable)
 .vectortable   0x00000000       0xf8 ./Generated_Code/Vectors.o
                0x00000000                __vect_table
                0x000000f8                . = ALIGN (0x4)

.cfmprotect     0x00000400       0x10
                0x00000400                . = ALIGN (0x4)
 *(.cfmconfig)
 .cfmconfig     0x00000400       0x10 ./Generated_Code/Cpu.o
                0x00000400                _cfm
                0x00000410                . = ALIGN (0x4)

.text           0x00000410     0x24ac
                0x00000410                . = ALIGN (0x4)
 *(.text)
 .text          0x00000410       0x54 c:/freescale/kds_v3/toolchain/bin/../lib/gcc/arm-none-eabi/4.8.4/armv7e-m/crtbegin.o
 .text          0x00000464       0x74 c:/freescale/kds_v3/toolchain/bin/../lib/gcc/arm-none-eabi/4.8.4/../../../../arm-none-eabi/lib/armv7e-m/crt0.o
                0x00000464                _start
                0x00000464                _mainCRTStartup
 *(.text*)
 .text.hor_liner
                0x000004d8       0x44 ./Sources/Display.o
                0x000004d8                hor_liner
 .text.ver_lined
                0x0000051c       0x44 ./Sources/Display.o
                0x0000051c                ver_lined
 .text.hor_linel
                0x00000560       0x44 ./Sources/Display.o
                0x00000560                hor_linel
 .text.ver_lineu
                0x000005a4       0x44 ./Sources/Display.o
                0x000005a4                ver_lineu
 .text.create_box
                0x000005e8       0x3c ./Sources/Display.o
                0x000005e8                create_box
 .text.text     0x00000624       0x54 ./Sources/Display.o
                0x00000624                text
 .text.Cpu_OnNMIINT
                0x00000678        0xc ./Sources/Events.o
                0x00000678                Cpu_OnNMIINT
 .text.update_position_displays.6834
                0x00000684       0x6c ./Sources/main.o
 .text.main     0x000006f0      0x878 ./Sources/main.o
                0x000006f0                main
 .text.return_to_start.6836
                0x00000f68      0x17c ./Sources/main.o
 .text.change_ratio.6863
                0x000010e4       0x58 ./Sources/main.o
 .text.display_boundary_message.6865
                0x0000113c       0x18 ./Sources/main.o
 .text.__copy_rom_section
                0x00001154       0xe4 ./Project_Settings/Startup_Code/startup.o
                0x00001154                __copy_rom_section
 .text.__copy_rom_sections_to_ram
                0x00001238       0x9c ./Project_Settings/Startup_Code/startup.o
                0x00001238                __copy_rom_sections_to_ram
 .text.__init_registers
                0x000012d4        0xc ./Project_Settings/Startup_Code/startup.o
                0x000012d4                __init_registers
 .text.__init_user
                0x000012e0        0xc ./Project_Settings/Startup_Code/startup.o
                0x000012e0                __init_user
 .text.__thumb_startup
                0x000012ec       0x34 ./Project_Settings/Startup_Code/startup.o
                0x000012ec                __thumb_startup
 .text.ASerialLdd1_Init
                0x00001320      0x160 ./Generated_Code/ASerialLdd1.o
                0x00001320                ASerialLdd1_Init
 .text.ASerialLdd1_ReceiveBlock
                0x00001480       0x48 ./Generated_Code/ASerialLdd1.o
                0x00001480                ASerialLdd1_ReceiveBlock
 .text.ASerialLdd1_SendBlock
                0x000014c8       0x58 ./Generated_Code/ASerialLdd1.o
                0x000014c8                ASerialLdd1_SendBlock
 .text.ASerialLdd1_GetReceivedDataNum
                0x00001520       0x1c ./Generated_Code/ASerialLdd1.o
                0x00001520                ASerialLdd1_GetReceivedDataNum
 .text.InterruptRx
                0x0000153c       0x50 ./Generated_Code/ASerialLdd1.o
 .text.InterruptTx
                0x0000158c       0x60 ./Generated_Code/ASerialLdd1.o
 .text.ASerialLdd1_Main
                0x000015ec       0xd8 ./Generated_Code/ASerialLdd1.o
                0x000015ec                ASerialLdd1_Main
 .text.ASerialLdd1_GetError
                0x000016c4       0x2c ./Generated_Code/ASerialLdd1.o
                0x000016c4                ASerialLdd1_GetError
 .text.BitIoLdd1_Init
                0x000016f0       0x64 ./Generated_Code/BitIoLdd1.o
                0x000016f0                BitIoLdd1_Init
 .text.BitIoLdd1_ClrVal
                0x00001754       0x1c ./Generated_Code/BitIoLdd1.o
                0x00001754                BitIoLdd1_ClrVal
 .text.BitIoLdd1_SetVal
                0x00001770       0x1c ./Generated_Code/BitIoLdd1.o
                0x00001770                BitIoLdd1_SetVal
 .text.BitIoLdd2_Init
                0x0000178c       0x64 ./Generated_Code/BitIoLdd2.o
                0x0000178c                BitIoLdd2_Init
 .text.BitIoLdd2_ClrVal
                0x000017f0       0x20 ./Generated_Code/BitIoLdd2.o
                0x000017f0                BitIoLdd2_ClrVal
 .text.BitIoLdd2_SetVal
                0x00001810       0x20 ./Generated_Code/BitIoLdd2.o
                0x00001810                BitIoLdd2_SetVal
 .text.BitIoLdd3_Init
                0x00001830       0x64 ./Generated_Code/BitIoLdd3.o
                0x00001830                BitIoLdd3_Init
 .text.BitIoLdd3_ClrVal
                0x00001894       0x1c ./Generated_Code/BitIoLdd3.o
                0x00001894                BitIoLdd3_ClrVal
 .text.BitIoLdd3_SetVal
                0x000018b0       0x1c ./Generated_Code/BitIoLdd3.o
                0x000018b0                BitIoLdd3_SetVal
 .text.Cpu_INT_NMIInterrupt
                0x000018cc       0x1c ./Generated_Code/Cpu.o
                0x000018cc                Cpu_INT_NMIInterrupt
 .text.Cpu_Interrupt
                0x000018e8       0x18 ./Generated_Code/Cpu.o
                0x000018e8                Cpu_Interrupt
 .text.__init_hardware
                0x00001900      0x11c ./Generated_Code/Cpu.o
                0x00001900                __init_hardware
 .text.Cpu_SetBASEPRI
                0x00001a1c       0x18 ./Generated_Code/Cpu.o
                0x00001a1c                Cpu_SetBASEPRI
 .text.PE_low_level_init
                0x00001a34       0xd4 ./Generated_Code/Cpu.o
                0x00001a34                PE_low_level_init
 .text.HWEnDi   0x00001b08       0x1c ./Generated_Code/Inhr1.o
 .text.Inhr1_RecvChar
                0x00001b24       0x80 ./Generated_Code/Inhr1.o
                0x00001b24                Inhr1_RecvChar
 .text.Inhr1_SendChar
                0x00001ba4       0x5c ./Generated_Code/Inhr1.o
                0x00001ba4                Inhr1_SendChar
 .text.Inhr1_Init
                0x00001c00       0x24 ./Generated_Code/Inhr1.o
                0x00001c00                Inhr1_Init
 .text.ASerialLdd1_OnBreak
                0x00001c24       0x24 ./Generated_Code/Inhr1.o
                0x00001c24                ASerialLdd1_OnBreak
 .text.PwmLdd1_Init
                0x00001c48       0x58 ./Generated_Code/PwmLdd1.o
                0x00001c48                PwmLdd1_Init
 .text.PwmLdd1_SetRatio16
                0x00001ca0       0x28 ./Generated_Code/PwmLdd1.o
                0x00001ca0                PwmLdd1_SetRatio16
 .text.SetRatio
                0x00001cc8       0x54 ./Generated_Code/PwmLdd1.o
 .text.PwmLdd2_Init
                0x00001d1c       0x58 ./Generated_Code/PwmLdd2.o
                0x00001d1c                PwmLdd2_Init
 .text.PwmLdd2_SetRatio16
                0x00001d74       0x28 ./Generated_Code/PwmLdd2.o
                0x00001d74                PwmLdd2_SetRatio16
 .text.SetRatio
                0x00001d9c       0x54 ./Generated_Code/PwmLdd2.o
 .text.PwmLdd3_Init
                0x00001df0       0x58 ./Generated_Code/PwmLdd3.o
                0x00001df0                PwmLdd3_Init
 .text.PwmLdd3_SetRatio16
                0x00001e48       0x28 ./Generated_Code/PwmLdd3.o
                0x00001e48                PwmLdd3_SetRatio16
 .text.SetRatio
                0x00001e70       0x54 ./Generated_Code/PwmLdd3.o
 .text.PwmLdd4_Init
                0x00001ec4       0x58 ./Generated_Code/PwmLdd4.o
                0x00001ec4                PwmLdd4_Init
 .text.PwmLdd4_SetRatio16
                0x00001f1c       0x28 ./Generated_Code/PwmLdd4.o
                0x00001f1c                PwmLdd4_SetRatio16
 .text.SetRatio
                0x00001f44       0x54 ./Generated_Code/PwmLdd4.o
 .text.TU1_Init
                0x00001f98      0x170 ./Generated_Code/TU1.o
                0x00001f98                TU1_Init
 .text.TU1_GetPeriodTicks
                0x00002108       0x30 ./Generated_Code/TU1.o
                0x00002108                TU1_GetPeriodTicks
 .text.TU1_SetOffsetTicks
                0x00002138       0x54 ./Generated_Code/TU1.o
                0x00002138                TU1_SetOffsetTicks
 .text.Term1_SendChar
                0x0000218c       0x20 ./Generated_Code/Term1.o
                0x0000218c                Term1_SendChar
 .text.SendESCPrefix
                0x000021ac       0x24 ./Generated_Code/Term1.o
 .text.Term1_CRLF
                0x000021d0       0x24 ./Generated_Code/Term1.o
                0x000021d0                Term1_CRLF
 .text.Term1_SendStr
                0x000021f4       0x34 ./Generated_Code/Term1.o
                0x000021f4                Term1_SendStr
 .text.LongToStr
                0x00002228       0xf4 ./Generated_Code/Term1.o
 .text.Term1_SendNum
                0x0000231c       0x54 ./Generated_Code/Term1.o
                0x0000231c                Term1_SendNum
 .text.Term1_Cls
                0x00002370       0x28 ./Generated_Code/Term1.o
                0x00002370                Term1_Cls
 .text.Term1_MoveTo
                0x00002398       0x44 ./Generated_Code/Term1.o
                0x00002398                Term1_MoveTo
 .text.Term1_SetColor
                0x000023dc       0x64 ./Generated_Code/Term1.o
                0x000023dc                Term1_SetColor
 .text.exit     0x00002440       0x28 c:/freescale/kds_v3/toolchain/bin/../lib/gcc/arm-none-eabi/4.8.4/../../../../arm-none-eabi/lib/armv7e-m\libg_s.a(lib_a-exit.o)
                0x00002440                exit
 .text.__libc_init_array
                0x00002468       0x4c c:/freescale/kds_v3/toolchain/bin/../lib/gcc/arm-none-eabi/4.8.4/../../../../arm-none-eabi/lib/armv7e-m\libg_s.a(lib_a-init.o)
                0x00002468                __libc_init_array
 .text.memset   0x000024b4       0x10 c:/freescale/kds_v3/toolchain/bin/../lib/gcc/arm-none-eabi/4.8.4/../../../../arm-none-eabi/lib/armv7e-m\libg_s.a(lib_a-memset.o)
                0x000024b4                memset
 .text._exit    0x000024c4        0x4 c:/freescale/kds_v3/toolchain/bin/../lib/gcc/arm-none-eabi/4.8.4/../../../../arm-none-eabi/lib/armv7e-m\libnosys.a(_exit.o)
                0x000024c4                _exit
 *(.rodata)
 .rodata        0x000024c8        0x4 ./Sources/Display.o
 .rodata        0x000024cc      0x3c8 ./Sources/main.o
 *(.rodata*)
 .rodata.ChannelDevice
                0x00002894        0x4 ./Generated_Code/TU1.o
 .rodata.ChannelMode
                0x00002898        0x4 ./Generated_Code/TU1.o
 .rodata.str1.1
                0x0000289c        0x2 c:/freescale/kds_v3/toolchain/bin/../lib/gcc/arm-none-eabi/4.8.4/../../../../arm-none-eabi/lib/armv7e-m\libg_s.a(lib_a-impure.o)
 *fill*         0x0000289e        0x2 
 .rodata._global_impure_ptr
                0x000028a0        0x4 c:/freescale/kds_v3/toolchain/bin/../lib/gcc/arm-none-eabi/4.8.4/../../../../arm-none-eabi/lib/armv7e-m\libg_s.a(lib_a-impure.o)
                0x000028a0                _global_impure_ptr
 *(.glue_7)
 .glue_7        0x00000000        0x0 linker stubs
 *(.glue_7t)
 .glue_7t       0x00000000        0x0 linker stubs
 *(.eh_frame)
 .eh_frame      0x000028a4        0x0 c:/freescale/kds_v3/toolchain/bin/../lib/gcc/arm-none-eabi/4.8.4/armv7e-m/crtbegin.o
 *(.init)
 .init          0x000028a4        0x4 c:/freescale/kds_v3/toolchain/bin/../lib/gcc/arm-none-eabi/4.8.4/armv7e-m/crti.o
                0x000028a4                _init
 .init          0x000028a8        0x8 c:/freescale/kds_v3/toolchain/bin/../lib/gcc/arm-none-eabi/4.8.4/armv7e-m/crtn.o
 *(.fini)
 .fini          0x000028b0        0x4 c:/freescale/kds_v3/toolchain/bin/../lib/gcc/arm-none-eabi/4.8.4/armv7e-m/crti.o
                0x000028b0                _fini
 .fini          0x000028b4        0x8 c:/freescale/kds_v3/toolchain/bin/../lib/gcc/arm-none-eabi/4.8.4/armv7e-m/crtn.o
                0x000028bc                . = ALIGN (0x4)
                0x000028bc                _etext = .

.vfp11_veneer   0x000028bc        0x0
 .vfp11_veneer  0x00000000        0x0 linker stubs

.v4_bx          0x000028bc        0x0
 .v4_bx         0x00000000        0x0 linker stubs

.iplt           0x000028bc        0x0
 .iplt          0x00000000        0x0 c:/freescale/kds_v3/toolchain/bin/../lib/gcc/arm-none-eabi/4.8.4/armv7e-m/crtbegin.o

.ARM.extab
 *(.ARM.extab* .gnu.linkonce.armextab.*)

.ARM            0x000028bc        0x8
                0x000028bc                __exidx_start = .
 *(.ARM.exidx*)
 .ARM.exidx     0x000028bc        0x8 c:/freescale/kds_v3/toolchain/bin/../lib/gcc/arm-none-eabi/4.8.4/../../../../arm-none-eabi/lib/armv7e-m/crt0.o
                0x000028c4                __exidx_end = .

.rel.dyn        0x000028c4        0x0
 .rel.iplt      0x00000000        0x0 c:/freescale/kds_v3/toolchain/bin/../lib/gcc/arm-none-eabi/4.8.4/armv7e-m/crtbegin.o

.ctors          0x000028c4        0x0
                0x000028c4                __CTOR_LIST__ = .
 *crtbegin.o(.ctors)
 *(EXCLUDE_FILE(*crtend.o) .ctors)
 *(SORT(.ctors.*))
 *(.ctors)
                0x000028c4                __CTOR_END__ = .

.dtors          0x000028c4        0x0
                0x000028c4                __DTOR_LIST__ = .
 *crtbegin.o(.dtors)
 *(EXCLUDE_FILE(*crtend.o) .dtors)
 *(SORT(.dtors.*))
 *(.dtors)
                0x000028c4                __DTOR_END__ = .

.preinit_array  0x000028c4        0x0
                0x000028c4                PROVIDE (__preinit_array_start, .)
 *(.preinit_array*)
                0x000028c4                PROVIDE (__preinit_array_end, .)

.init_array     0x000028c4        0x4
                0x000028c4                PROVIDE (__init_array_start, .)
 *(SORT(.init_array.*))
 *(.init_array*)
 .init_array    0x000028c4        0x4 c:/freescale/kds_v3/toolchain/bin/../lib/gcc/arm-none-eabi/4.8.4/armv7e-m/crtbegin.o
                0x000028c8                PROVIDE (__init_array_end, .)

.fini_array     0x000028c8        0x4
                0x000028c8                PROVIDE (__fini_array_start, .)
 *(SORT(.fini_array.*))
 *(.fini_array*)
 .fini_array    0x000028c8        0x4 c:/freescale/kds_v3/toolchain/bin/../lib/gcc/arm-none-eabi/4.8.4/armv7e-m/crtbegin.o
                0x000028cc                PROVIDE (__fini_array_end, .)
                0x000028cc                ___ROM_AT = .

.data           0x1fffe000       0x60 load address 0x000028cc
                0x1fffe000                . = ALIGN (0x4)
                0x1fffe000                _sdata = .
 *(.data)
 *(.data*)
 .data.impure_data
                0x1fffe000       0x60 c:/freescale/kds_v3/toolchain/bin/../lib/gcc/arm-none-eabi/4.8.4/../../../../arm-none-eabi/lib/armv7e-m\libg_s.a(lib_a-impure.o)
                0x1fffe060                . = ALIGN (0x4)
                0x1fffe060                _edata = .
                0x00000060                ___data_size = (_edata - _sdata)
                0x0000292c                ___m_data_20000000_ROMStart = (___ROM_AT + SIZEOF (.data))

.jcr            0x1fffe060        0x0 load address 0x0000292c
 .jcr           0x1fffe060        0x0 c:/freescale/kds_v3/toolchain/bin/../lib/gcc/arm-none-eabi/4.8.4/armv7e-m/crtbegin.o

.igot.plt       0x1fffe060        0x0 load address 0x0000292c
 .igot.plt      0x00000000        0x0 c:/freescale/kds_v3/toolchain/bin/../lib/gcc/arm-none-eabi/4.8.4/armv7e-m/crtbegin.o

.m_data_20000000
                0x20000000        0x0 load address 0x0000292c
                0x20000000                . = ALIGN (0x4)
                0x20000000                ___m_data_20000000_RAMStart = .
 *(.m_data_20000000)
                0x20000000                ___m_data_20000000_RAMEnd = .
                0x20000000                . = ALIGN (0x4)
                0x00000000                ___m_data_20000000_ROMSize = (___m_data_20000000_RAMEnd - ___m_data_20000000_RAMStart)
                0x20000000                . = ALIGN (0x4)

.bss            0x1fffe060       0xac load address 0x0000292c
                0x1fffe060                __START_BSS = .
                0x1fffe060                PROVIDE (__bss_start__, __START_BSS)
 *(.bss)
 .bss           0x1fffe060       0x1c c:/freescale/kds_v3/toolchain/bin/../lib/gcc/arm-none-eabi/4.8.4/armv7e-m/crtbegin.o
 *(.bss*)
 .bss.DeviceDataPrv__DEFAULT_RTOS_ALLOC
                0x1fffe07c       0x20 ./Generated_Code/ASerialLdd1.o
 .bss.DeviceDataPrv__DEFAULT_RTOS_ALLOC
                0x1fffe09c        0x4 ./Generated_Code/BitIoLdd1.o
 .bss.DeviceDataPrv__DEFAULT_RTOS_ALLOC
                0x1fffe0a0        0x4 ./Generated_Code/BitIoLdd2.o
 .bss.DeviceDataPrv__DEFAULT_RTOS_ALLOC
                0x1fffe0a4        0x4 ./Generated_Code/BitIoLdd3.o
 .bss.SerFlag   0x1fffe0a8        0x2 ./Generated_Code/Inhr1.o
 .bss.BufferRead
                0x1fffe0aa        0x1 ./Generated_Code/Inhr1.o
 .bss.OutBuffer
                0x1fffe0ab        0x1 ./Generated_Code/Inhr1.o
 .bss.PE_LDD_DeviceDataList
                0x1fffe0ac       0x24 ./Generated_Code/PE_LDD.o
                0x1fffe0ac                PE_LDD_DeviceDataList
 .bss.DeviceDataPrv__DEFAULT_RTOS_ALLOC
                0x1fffe0d0        0xc ./Generated_Code/PwmLdd1.o
 .bss.DeviceDataPrv__DEFAULT_RTOS_ALLOC
                0x1fffe0dc        0xc ./Generated_Code/PwmLdd2.o
 .bss.DeviceDataPrv__DEFAULT_RTOS_ALLOC
                0x1fffe0e8        0xc ./Generated_Code/PwmLdd3.o
 .bss.DeviceDataPrv__DEFAULT_RTOS_ALLOC
                0x1fffe0f4        0xc ./Generated_Code/PwmLdd4.o
 .bss.DeviceDataPrv__DEFAULT_RTOS_ALLOC
                0x1fffe100        0x8 ./Generated_Code/TU1.o
 *(COMMON)
 COMMON         0x1fffe108        0x4 ./Generated_Code/Inhr1.o
                0x1fffe108                ASerialLdd1_DeviceDataPtr
                0x1fffe10c                . = ALIGN (0x4)
                0x1fffe10c                __END_BSS = .
                0x1fffe10c                PROVIDE (__bss_end__, __END_BSS)
                0x0000292c                _romp_at = ((___ROM_AT + SIZEOF (.data)) + SIZEOF (.m_data_20000000))

.romp           0x1fffe10c       0x24 load address 0x0000292c
                0x0000292c                __S_romp = _romp_at
                0x1fffe10c        0x4 LONG 0x28cc ___ROM_AT
                0x1fffe110        0x4 LONG 0x1fffe000 _sdata
                0x1fffe114        0x4 LONG 0x60 ___data_size
                0x1fffe118        0x4 LONG 0x292c ___m_data_20000000_ROMStart
                0x1fffe11c        0x4 LONG 0x20000000 ___m_data_20000000_RAMStart
                0x1fffe120        0x4 LONG 0x0 ___m_data_20000000_ROMSize
                0x1fffe124        0x4 LONG 0x0
                0x1fffe128        0x4 LONG 0x0
                0x1fffe12c        0x4 LONG 0x0
                0x00020000                text_end = (ORIGIN (m_text) + 0x1fbf0)
                0x00002950                data_init_end = ((___m_data_20000000_ROMStart + SIZEOF (.m_data_20000000)) + SIZEOF (.romp))
                0x00000001                ASSERT ((data_init_end <= text_end), region m_text overflowed with text and data)

._user_heap_stack
                0x1fffe130      0x400 load address 0x00002950
                0x1fffe130                . = ALIGN (0x4)
                0x1fffe130                PROVIDE (end, .)
                0x1fffe130                PROVIDE (_end, .)
                0x1fffe130                PROVIDE (__end__, .)
                0x1fffe130                __heap_addr = .
                0x1fffe130                __HeapBase = .
                0x1fffe130                . = (. + __heap_size)
                0x1fffe130                __HeapLimit = .
                0x1fffe530                . = (. + __stack_size)
 *fill*         0x1fffe130      0x400 
                0x1fffe530                . = ALIGN (0x4)

.ARM.attributes
                0x00000000       0x2a
 *(.ARM.attributes)
 .ARM.attributes
                0x00000000       0x1e c:/freescale/kds_v3/toolchain/bin/../lib/gcc/arm-none-eabi/4.8.4/armv7e-m/crti.o
 .ARM.attributes
                0x0000001e       0x2e c:/freescale/kds_v3/toolchain/bin/../lib/gcc/arm-none-eabi/4.8.4/armv7e-m/crtbegin.o
 .ARM.attributes
                0x0000004c       0x1c c:/freescale/kds_v3/toolchain/bin/../lib/gcc/arm-none-eabi/4.8.4/../../../../arm-none-eabi/lib/armv7e-m/crt0.o
 .ARM.attributes
                0x00000068       0x33 ./Sources/Display.o
 .ARM.attributes
                0x0000009b       0x33 ./Sources/Events.o
 .ARM.attributes
                0x000000ce       0x33 ./Sources/main.o
 .ARM.attributes
                0x00000101       0x33 ./Project_Settings/Startup_Code/startup.o
 .ARM.attributes
                0x00000134       0x33 ./Generated_Code/ASerialLdd1.o
 .ARM.attributes
                0x00000167       0x33 ./Generated_Code/BitIoLdd1.o
 .ARM.attributes
                0x0000019a       0x33 ./Generated_Code/BitIoLdd2.o
 .ARM.attributes
                0x000001cd       0x33 ./Generated_Code/BitIoLdd3.o
 .ARM.attributes
                0x00000200       0x33 ./Generated_Code/Cpu.o
 .ARM.attributes
                0x00000233       0x33 ./Generated_Code/Inhr1.o
 .ARM.attributes
                0x00000266       0x33 ./Generated_Code/PE_LDD.o
 .ARM.attributes
                0x00000299       0x33 ./Generated_Code/PwmLdd1.o
 .ARM.attributes
                0x000002cc       0x33 ./Generated_Code/PwmLdd2.o
 .ARM.attributes
                0x000002ff       0x33 ./Generated_Code/PwmLdd3.o
 .ARM.attributes
                0x00000332       0x33 ./Generated_Code/PwmLdd4.o
 .ARM.attributes
                0x00000365       0x33 ./Generated_Code/TU1.o
 .ARM.attributes
                0x00000398       0x33 ./Generated_Code/Term1.o
 .ARM.attributes
                0x000003cb       0x33 ./Generated_Code/Vectors.o
 .ARM.attributes
                0x000003fe       0x2e c:/freescale/kds_v3/toolchain/bin/../lib/gcc/arm-none-eabi/4.8.4/../../../../arm-none-eabi/lib/armv7e-m\libg_s.a(lib_a-exit.o)
 .ARM.attributes
                0x0000042c       0x2e c:/freescale/kds_v3/toolchain/bin/../lib/gcc/arm-none-eabi/4.8.4/../../../../arm-none-eabi/lib/armv7e-m\libg_s.a(lib_a-impure.o)
 .ARM.attributes
                0x0000045a       0x2e c:/freescale/kds_v3/toolchain/bin/../lib/gcc/arm-none-eabi/4.8.4/../../../../arm-none-eabi/lib/armv7e-m\libg_s.a(lib_a-init.o)
 .ARM.attributes
                0x00000488       0x2e c:/freescale/kds_v3/toolchain/bin/../lib/gcc/arm-none-eabi/4.8.4/../../../../arm-none-eabi/lib/armv7e-m\libg_s.a(lib_a-memset.o)
 .ARM.attributes
                0x000004b6       0x2e c:/freescale/kds_v3/toolchain/bin/../lib/gcc/arm-none-eabi/4.8.4/../../../../arm-none-eabi/lib/armv7e-m\libnosys.a(_exit.o)
 .ARM.attributes
                0x000004e4       0x1e c:/freescale/kds_v3/toolchain/bin/../lib/gcc/arm-none-eabi/4.8.4/armv7e-m/crtn.o
OUTPUT(WTF.elf elf32-littlearm)

.debug_info     0x00000000     0x42f5
 .debug_info    0x00000000      0x255 ./Sources/Display.o
 .debug_info    0x00000255       0x96 ./Sources/Events.o
 .debug_info    0x000002eb      0x2fe ./Sources/main.o
 .debug_info    0x000005e9      0x20a ./Project_Settings/Startup_Code/startup.o
 .debug_info    0x000007f3      0x939 ./Generated_Code/ASerialLdd1.o
 .debug_info    0x0000112c      0x387 ./Generated_Code/BitIoLdd1.o
 .debug_info    0x000014b3      0x387 ./Generated_Code/BitIoLdd2.o
 .debug_info    0x0000183a      0x387 ./Generated_Code/BitIoLdd3.o
 .debug_info    0x00001bc1      0x9e9 ./Generated_Code/Cpu.o
 .debug_info    0x000025aa      0x20b ./Generated_Code/Inhr1.o
 .debug_info    0x000027b5      0x251 ./Generated_Code/PE_LDD.o
 .debug_info    0x00002a06      0x51e ./Generated_Code/PwmLdd1.o
 .debug_info    0x00002f24      0x2d4 ./Generated_Code/PwmLdd2.o
 .debug_info    0x000031f8      0x2d4 ./Generated_Code/PwmLdd3.o
 .debug_info    0x000034cc      0x2d4 ./Generated_Code/PwmLdd4.o
 .debug_info    0x000037a0      0x758 ./Generated_Code/TU1.o
 .debug_info    0x00003ef8      0x2ef ./Generated_Code/Term1.o
 .debug_info    0x000041e7      0x10e ./Generated_Code/Vectors.o

.debug_abbrev   0x00000000     0x153c
 .debug_abbrev  0x00000000       0x79 ./Sources/Display.o
 .debug_abbrev  0x00000079       0x45 ./Sources/Events.o
 .debug_abbrev  0x000000be      0x15e ./Sources/main.o
 .debug_abbrev  0x0000021c      0x11e ./Project_Settings/Startup_Code/startup.o
 .debug_abbrev  0x0000033a      0x1c3 ./Generated_Code/ASerialLdd1.o
 .debug_abbrev  0x000004fd      0x15f ./Generated_Code/BitIoLdd1.o
 .debug_abbrev  0x0000065c      0x15f ./Generated_Code/BitIoLdd2.o
 .debug_abbrev  0x000007bb      0x15f ./Generated_Code/BitIoLdd3.o
 .debug_abbrev  0x0000091a      0x178 ./Generated_Code/Cpu.o
 .debug_abbrev  0x00000a92      0x117 ./Generated_Code/Inhr1.o
 .debug_abbrev  0x00000ba9      0x10d ./Generated_Code/PE_LDD.o
 .debug_abbrev  0x00000cb6      0x182 ./Generated_Code/PwmLdd1.o
 .debug_abbrev  0x00000e38      0x122 ./Generated_Code/PwmLdd2.o
 .debug_abbrev  0x00000f5a      0x122 ./Generated_Code/PwmLdd3.o
 .debug_abbrev  0x0000107c      0x122 ./Generated_Code/PwmLdd4.o
 .debug_abbrev  0x0000119e      0x198 ./Generated_Code/TU1.o
 .debug_abbrev  0x00001336      0x162 ./Generated_Code/Term1.o
 .debug_abbrev  0x00001498       0xa4 ./Generated_Code/Vectors.o

.debug_aranges  0x00000000      0x4c0
 .debug_aranges
                0x00000000       0x48 ./Sources/Display.o
 .debug_aranges
                0x00000048       0x20 ./Sources/Events.o
 .debug_aranges
                0x00000068       0x40 ./Sources/main.o
 .debug_aranges
                0x000000a8       0x50 ./Project_Settings/Startup_Code/startup.o
 .debug_aranges
                0x000000f8       0x58 ./Generated_Code/ASerialLdd1.o
 .debug_aranges
                0x00000150       0x48 ./Generated_Code/BitIoLdd1.o
 .debug_aranges
                0x00000198       0x48 ./Generated_Code/BitIoLdd2.o
 .debug_aranges
                0x000001e0       0x48 ./Generated_Code/BitIoLdd3.o
 .debug_aranges
                0x00000228       0x40 ./Generated_Code/Cpu.o
 .debug_aranges
                0x00000268       0x48 ./Generated_Code/Inhr1.o
 .debug_aranges
                0x000002b0       0x30 ./Generated_Code/PE_LDD.o
 .debug_aranges
                0x000002e0       0x50 ./Generated_Code/PwmLdd1.o
 .debug_aranges
                0x00000330       0x40 ./Generated_Code/PwmLdd2.o
 .debug_aranges
                0x00000370       0x40 ./Generated_Code/PwmLdd3.o
 .debug_aranges
                0x000003b0       0x40 ./Generated_Code/PwmLdd4.o
 .debug_aranges
                0x000003f0       0x48 ./Generated_Code/TU1.o
 .debug_aranges
                0x00000438       0x70 ./Generated_Code/Term1.o
 .debug_aranges
                0x000004a8       0x18 ./Generated_Code/Vectors.o

.debug_ranges   0x00000000      0x3b0
 .debug_ranges  0x00000000       0x38 ./Sources/Display.o
 .debug_ranges  0x00000038       0x10 ./Sources/Events.o
 .debug_ranges  0x00000048       0x48 ./Sources/main.o
 .debug_ranges  0x00000090       0x40 ./Project_Settings/Startup_Code/startup.o
 .debug_ranges  0x000000d0       0x48 ./Generated_Code/ASerialLdd1.o
 .debug_ranges  0x00000118       0x38 ./Generated_Code/BitIoLdd1.o
 .debug_ranges  0x00000150       0x38 ./Generated_Code/BitIoLdd2.o
 .debug_ranges  0x00000188       0x38 ./Generated_Code/BitIoLdd3.o
 .debug_ranges  0x000001c0       0x30 ./Generated_Code/Cpu.o
 .debug_ranges  0x000001f0       0x38 ./Generated_Code/Inhr1.o
 .debug_ranges  0x00000228       0x20 ./Generated_Code/PE_LDD.o
 .debug_ranges  0x00000248       0x40 ./Generated_Code/PwmLdd1.o
 .debug_ranges  0x00000288       0x30 ./Generated_Code/PwmLdd2.o
 .debug_ranges  0x000002b8       0x30 ./Generated_Code/PwmLdd3.o
 .debug_ranges  0x000002e8       0x30 ./Generated_Code/PwmLdd4.o
 .debug_ranges  0x00000318       0x38 ./Generated_Code/TU1.o
 .debug_ranges  0x00000350       0x60 ./Generated_Code/Term1.o

.debug_macro    0x00000000    0x1a51e
 .debug_macro   0x00000000       0xa5 ./Sources/Display.o
 .debug_macro   0x000000a5      0x84a ./Sources/Display.o
 .debug_macro   0x000008ef       0x16 ./Sources/Display.o
 .debug_macro   0x00000905       0x44 ./Sources/Display.o
 .debug_macro   0x00000949      0x209 ./Sources/Display.o
 .debug_macro   0x00000b52     0x1695 ./Sources/Display.o
 .debug_macro   0x000021e7      0x14e ./Sources/Display.o
 .debug_macro   0x00002335       0x6a ./Sources/Display.o
 .debug_macro   0x0000239f     0x9b9f ./Sources/Display.o
 .debug_macro   0x0000bf3e       0x9a ./Sources/Display.o
 .debug_macro   0x0000bfd8       0x34 ./Sources/Display.o
 .debug_macro   0x0000c00c       0x22 ./Sources/Display.o
 .debug_macro   0x0000c02e      0x1ce ./Sources/Events.o
 .debug_macro   0x0000c1fc       0x94 ./Sources/Events.o
 .debug_macro   0x0000c290       0x94 ./Sources/Events.o
 .debug_macro   0x0000c324      0x12c ./Sources/Events.o
 .debug_macro   0x0000c450       0x46 ./Sources/Events.o
 .debug_macro   0x0000c496       0x26 ./Sources/Events.o
 .debug_macro   0x0000c4bc       0x4c ./Sources/Events.o
 .debug_macro   0x0000c508       0x26 ./Sources/Events.o
 .debug_macro   0x0000c52e       0x4c ./Sources/Events.o
 .debug_macro   0x0000c57a       0x26 ./Sources/Events.o
 .debug_macro   0x0000c5a0      0x6a6 ./Sources/Events.o
 .debug_macro   0x0000cc46       0x89 ./Sources/Events.o
 .debug_macro   0x0000cccf       0x46 ./Sources/Events.o
 .debug_macro   0x0000cd15       0x33 ./Sources/Events.o
 .debug_macro   0x0000cd48       0x3d ./Sources/Events.o
 .debug_macro   0x0000cd85       0x25 ./Sources/Events.o
 .debug_macro   0x0000cdaa       0x3d ./Sources/Events.o
 .debug_macro   0x0000cde7       0x25 ./Sources/Events.o
 .debug_macro   0x0000ce0c       0x3d ./Sources/Events.o
 .debug_macro   0x0000ce49       0x25 ./Sources/Events.o
 .debug_macro   0x0000ce6e       0x3a ./Sources/Events.o
 .debug_macro   0x0000cea8       0x5e ./Sources/Events.o
 .debug_macro   0x0000cf06       0x11 ./Sources/Events.o
 .debug_macro   0x0000cf17      0x2cf ./Sources/main.o
 .debug_macro   0x0000d1e6       0x58 ./Sources/main.o
 .debug_macro   0x0000d23e       0x35 ./Sources/main.o
 .debug_macro   0x0000d273       0xa3 ./Sources/main.o
 .debug_macro   0x0000d316       0x16 ./Sources/main.o
 .debug_macro   0x0000d32c       0x97 ./Sources/main.o
 .debug_macro   0x0000d3c3       0x10 ./Sources/main.o
 .debug_macro   0x0000d3d3       0xef ./Sources/main.o
 .debug_macro   0x0000d4c2       0x52 ./Sources/main.o
 .debug_macro   0x0000d514       0x16 ./Sources/main.o
 .debug_macro   0x0000d52a       0x43 ./Sources/main.o
 .debug_macro   0x0000d56d      0x180 ./Sources/main.o
 .debug_macro   0x0000d6ed       0x10 ./Sources/main.o
 .debug_macro   0x0000d6fd       0x22 ./Sources/main.o
 .debug_macro   0x0000d71f       0xbd ./Sources/main.o
 .debug_macro   0x0000d7dc       0x16 ./Sources/main.o
 .debug_macro   0x0000d7f2      0x14a ./Sources/main.o
 .debug_macro   0x0000d93c      0x2a6 ./Sources/main.o
 .debug_macro   0x0000dbe2       0x10 ./Sources/main.o
 .debug_macro   0x0000dbf2       0x35 ./Sources/main.o
 .debug_macro   0x0000dc27      0x121 ./Project_Settings/Startup_Code/startup.o
 .debug_macro   0x0000dd48      0x166 ./Project_Settings/Startup_Code/startup.o
 .debug_macro   0x0000deae       0x4a ./Project_Settings/Startup_Code/startup.o
 .debug_macro   0x0000def8       0x16 ./Project_Settings/Startup_Code/startup.o
 .debug_macro   0x0000df0e       0x22 ./Project_Settings/Startup_Code/startup.o
 .debug_macro   0x0000df30       0x10 ./Project_Settings/Startup_Code/startup.o
 .debug_macro   0x0000df40      0x20f ./Project_Settings/Startup_Code/startup.o
 .debug_macro   0x0000e14f     0x9b93 ./Project_Settings/Startup_Code/startup.o
 .debug_macro   0x00017ce2       0xc5 ./Generated_Code/ASerialLdd1.o
 .debug_macro   0x00017da7       0x58 ./Generated_Code/ASerialLdd1.o
 .debug_macro   0x00017dff       0x17 ./Generated_Code/ASerialLdd1.o
 .debug_macro   0x00017e16      0x7ab ./Generated_Code/ASerialLdd1.o
 .debug_macro   0x000185c1      0x9b1 ./Generated_Code/ASerialLdd1.o
 .debug_macro   0x00018f72       0xa6 ./Generated_Code/BitIoLdd1.o
 .debug_macro   0x00019018       0xa6 ./Generated_Code/BitIoLdd2.o
 .debug_macro   0x000190be       0x46 ./Generated_Code/BitIoLdd2.o
 .debug_macro   0x00019104       0xa6 ./Generated_Code/BitIoLdd3.o
 .debug_macro   0x000191aa       0x46 ./Generated_Code/BitIoLdd3.o
 .debug_macro   0x000191f0      0x1f3 ./Generated_Code/Cpu.o
 .debug_macro   0x000193e3      0x6a0 ./Generated_Code/Cpu.o
 .debug_macro   0x00019a83      0x132 ./Generated_Code/Cpu.o
 .debug_macro   0x00019bb5       0xdf ./Generated_Code/Inhr1.o
 .debug_macro   0x00019c94      0x191 ./Generated_Code/PE_LDD.o
 .debug_macro   0x00019e25       0xbe ./Generated_Code/PwmLdd1.o
 .debug_macro   0x00019ee3       0xbe ./Generated_Code/PwmLdd2.o
 .debug_macro   0x00019fa1       0x37 ./Generated_Code/PwmLdd2.o
 .debug_macro   0x00019fd8       0xbe ./Generated_Code/PwmLdd3.o
 .debug_macro   0x0001a096       0x37 ./Generated_Code/PwmLdd3.o
 .debug_macro   0x0001a0cd       0xbe ./Generated_Code/PwmLdd4.o
 .debug_macro   0x0001a18b       0x37 ./Generated_Code/PwmLdd4.o
 .debug_macro   0x0001a1c2       0xbc ./Generated_Code/TU1.o
 .debug_macro   0x0001a27e       0xb2 ./Generated_Code/Term1.o
 .debug_macro   0x0001a330      0x1ee ./Generated_Code/Vectors.o

.debug_line     0x00000000     0x4325
 .debug_line    0x00000000      0x326 ./Sources/Display.o
 .debug_line    0x00000326      0x3ba ./Sources/Events.o
 .debug_line    0x000006e0      0x794 ./Sources/main.o
 .debug_line    0x00000e74      0x3db ./Project_Settings/Startup_Code/startup.o
 .debug_line    0x0000124f      0x380 ./Generated_Code/ASerialLdd1.o
 .debug_line    0x000015cf      0x2f3 ./Generated_Code/BitIoLdd1.o
 .debug_line    0x000018c2      0x2f3 ./Generated_Code/BitIoLdd2.o
 .debug_line    0x00001bb5      0x2f3 ./Generated_Code/BitIoLdd3.o
 .debug_line    0x00001ea8      0x5d0 ./Generated_Code/Cpu.o
 .debug_line    0x00002478      0x297 ./Generated_Code/Inhr1.o
 .debug_line    0x0000270f      0x3c8 ./Generated_Code/PE_LDD.o
 .debug_line    0x00002ad7      0x326 ./Generated_Code/PwmLdd1.o
 .debug_line    0x00002dfd      0x2f9 ./Generated_Code/PwmLdd2.o
 .debug_line    0x000030f6      0x2f9 ./Generated_Code/PwmLdd3.o
 .debug_line    0x000033ef      0x2f9 ./Generated_Code/PwmLdd4.o
 .debug_line    0x000036e8      0x338 ./Generated_Code/TU1.o
 .debug_line    0x00003a20      0x3be ./Generated_Code/Term1.o
 .debug_line    0x00003dde      0x547 ./Generated_Code/Vectors.o

.debug_str      0x00000000    0x5c69b
 .debug_str     0x00000000    0x3ede0 ./Sources/Display.o
                              0x3ef30 (size before relaxing)
 .debug_str     0x0003ede0     0xb2d7 ./Sources/Events.o
                              0x4a147 (size before relaxing)
 .debug_str     0x0004a0b7     0x2f75 ./Sources/main.o
                              0x4d147 (size before relaxing)
 .debug_str     0x0004d02c      0x1b0 ./Project_Settings/Startup_Code/startup.o
                              0x3a1de (size before relaxing)
 .debug_str     0x0004d1dc     0xe6d5 ./Generated_Code/ASerialLdd1.o
                              0x4dc53 (size before relaxing)
 .debug_str     0x0005b8b1       0xf8 ./Generated_Code/BitIoLdd1.o
                              0x3fef6 (size before relaxing)
 .debug_str     0x0005b9a9       0xb1 ./Generated_Code/BitIoLdd2.o
                              0x3fef8 (size before relaxing)
 .debug_str     0x0005ba5a       0xb1 ./Generated_Code/BitIoLdd3.o
                              0x3fef6 (size before relaxing)
 .debug_str     0x0005bb0b      0x293 ./Generated_Code/Cpu.o
                              0x4a50d (size before relaxing)
 .debug_str     0x0005bd9e      0x17f ./Generated_Code/Inhr1.o
                              0x3f1d1 (size before relaxing)
 .debug_str     0x0005bf1d      0x17e ./Generated_Code/PE_LDD.o
                              0x4a305 (size before relaxing)
 .debug_str     0x0005c09b      0x1c8 ./Generated_Code/PwmLdd1.o
                              0x48674 (size before relaxing)
 .debug_str     0x0005c263       0x82 ./Generated_Code/PwmLdd2.o
                              0x48521 (size before relaxing)
 .debug_str     0x0005c2e5       0x82 ./Generated_Code/PwmLdd3.o
                              0x48521 (size before relaxing)
 .debug_str     0x0005c367       0x82 ./Generated_Code/PwmLdd4.o
                              0x48521 (size before relaxing)
 .debug_str     0x0005c3e9      0x1a7 ./Generated_Code/TU1.o
                              0x48680 (size before relaxing)
 .debug_str     0x0005c590       0xef ./Generated_Code/Term1.o
                              0x3f190 (size before relaxing)
 .debug_str     0x0005c67f       0x1c ./Generated_Code/Vectors.o
                              0x4a198 (size before relaxing)

.comment        0x00000000       0x70
 .comment       0x00000000       0x70 ./Sources/Display.o
                                 0x71 (size before relaxing)
 .comment       0x00000000       0x71 ./Sources/Events.o
 .comment       0x00000000       0x71 ./Sources/main.o
 .comment       0x00000000       0x71 ./Project_Settings/Startup_Code/startup.o
 .comment       0x00000000       0x71 ./Generated_Code/ASerialLdd1.o
 .comment       0x00000000       0x71 ./Generated_Code/BitIoLdd1.o
 .comment       0x00000000       0x71 ./Generated_Code/BitIoLdd2.o
 .comment       0x00000000       0x71 ./Generated_Code/BitIoLdd3.o
 .comment       0x00000000       0x71 ./Generated_Code/Cpu.o
 .comment       0x00000000       0x71 ./Generated_Code/Inhr1.o
 .comment       0x00000000       0x71 ./Generated_Code/PE_LDD.o
 .comment       0x00000000       0x71 ./Generated_Code/PwmLdd1.o
 .comment       0x00000000       0x71 ./Generated_Code/PwmLdd2.o
 .comment       0x00000000       0x71 ./Generated_Code/PwmLdd3.o
 .comment       0x00000000       0x71 ./Generated_Code/PwmLdd4.o
 .comment       0x00000000       0x71 ./Generated_Code/TU1.o
 .comment       0x00000000       0x71 ./Generated_Code/Term1.o
 .comment       0x00000000       0x71 ./Generated_Code/Vectors.o

.debug_frame    0x00000000      0xcfc
 .debug_frame   0x00000000       0xd0 ./Sources/Display.o
 .debug_frame   0x000000d0       0x28 ./Sources/Events.o
 .debug_frame   0x000000f8       0xa8 ./Sources/main.o
 .debug_frame   0x000001a0       0xc0 ./Project_Settings/Startup_Code/startup.o
 .debug_frame   0x00000260      0x100 ./Generated_Code/ASerialLdd1.o
 .debug_frame   0x00000360       0xb8 ./Generated_Code/BitIoLdd1.o
 .debug_frame   0x00000418       0xb8 ./Generated_Code/BitIoLdd2.o
 .debug_frame   0x000004d0       0xb8 ./Generated_Code/BitIoLdd3.o
 .debug_frame   0x00000588       0xa4 ./Generated_Code/Cpu.o
 .debug_frame   0x0000062c       0xc0 ./Generated_Code/Inhr1.o
 .debug_frame   0x000006ec       0x64 ./Generated_Code/PE_LDD.o
 .debug_frame   0x00000750       0xf0 ./Generated_Code/PwmLdd1.o
 .debug_frame   0x00000840       0xb0 ./Generated_Code/PwmLdd2.o
 .debug_frame   0x000008f0       0xb0 ./Generated_Code/PwmLdd3.o
 .debug_frame   0x000009a0       0xb0 ./Generated_Code/PwmLdd4.o
 .debug_frame   0x00000a50       0xbc ./Generated_Code/TU1.o
 .debug_frame   0x00000b0c      0x15c ./Generated_Code/Term1.o
 .debug_frame   0x00000c68       0x28 c:/freescale/kds_v3/toolchain/bin/../lib/gcc/arm-none-eabi/4.8.4/../../../../arm-none-eabi/lib/armv7e-m\libg_s.a(lib_a-exit.o)
 .debug_frame   0x00000c90       0x2c c:/freescale/kds_v3/toolchain/bin/../lib/gcc/arm-none-eabi/4.8.4/../../../../arm-none-eabi/lib/armv7e-m\libg_s.a(lib_a-init.o)
 .debug_frame   0x00000cbc       0x20 c:/freescale/kds_v3/toolchain/bin/../lib/gcc/arm-none-eabi/4.8.4/../../../../arm-none-eabi/lib/armv7e-m\libg_s.a(lib_a-memset.o)
 .debug_frame   0x00000cdc       0x20 c:/freescale/kds_v3/toolchain/bin/../lib/gcc/arm-none-eabi/4.8.4/../../../../arm-none-eabi/lib/armv7e-m\libnosys.a(_exit.o)
